Archive member included to satisfy reference by file (symbol)

C:/ST/STM32CubeIDE_1.12.0/STM32CubeIDE/plugins/com.st.stm32cube.ide.mcu.externaltools.gnu-tools-for-stm32.11.3.rel1.win32_1.1.1.202309131626/tools/bin/../lib/gcc/arm-none-eabi/11.3.1/../../../../arm-none-eabi/lib/thumb/v7e-m+fp/hard\libc_nano.a(libc_a-exit.o)
                              C:/ST/STM32CubeIDE_1.12.0/STM32CubeIDE/plugins/com.st.stm32cube.ide.mcu.externaltools.gnu-tools-for-stm32.11.3.rel1.win32_1.1.1.202309131626/tools/bin/../lib/gcc/arm-none-eabi/11.3.1/../../../../arm-none-eabi/lib/thumb/v7e-m+fp/hard/crt0.o (exit)
C:/ST/STM32CubeIDE_1.12.0/STM32CubeIDE/plugins/com.st.stm32cube.ide.mcu.externaltools.gnu-tools-for-stm32.11.3.rel1.win32_1.1.1.202309131626/tools/bin/../lib/gcc/arm-none-eabi/11.3.1/../../../../arm-none-eabi/lib/thumb/v7e-m+fp/hard\libc_nano.a(libc_a-findfp.o)
                              C:/ST/STM32CubeIDE_1.12.0/STM32CubeIDE/plugins/com.st.stm32cube.ide.mcu.externaltools.gnu-tools-for-stm32.11.3.rel1.win32_1.1.1.202309131626/tools/bin/../lib/gcc/arm-none-eabi/11.3.1/../../../../arm-none-eabi/lib/thumb/v7e-m+fp/hard\libc_nano.a(libc_a-exit.o) (__stdio_exit_handler)
C:/ST/STM32CubeIDE_1.12.0/STM32CubeIDE/plugins/com.st.stm32cube.ide.mcu.externaltools.gnu-tools-for-stm32.11.3.rel1.win32_1.1.1.202309131626/tools/bin/../lib/gcc/arm-none-eabi/11.3.1/../../../../arm-none-eabi/lib/thumb/v7e-m+fp/hard\libc_nano.a(libc_a-fwalk.o)
                              C:/ST/STM32CubeIDE_1.12.0/STM32CubeIDE/plugins/com.st.stm32cube.ide.mcu.externaltools.gnu-tools-for-stm32.11.3.rel1.win32_1.1.1.202309131626/tools/bin/../lib/gcc/arm-none-eabi/11.3.1/../../../../arm-none-eabi/lib/thumb/v7e-m+fp/hard\libc_nano.a(libc_a-findfp.o) (_fwalk_sglue)
C:/ST/STM32CubeIDE_1.12.0/STM32CubeIDE/plugins/com.st.stm32cube.ide.mcu.externaltools.gnu-tools-for-stm32.11.3.rel1.win32_1.1.1.202309131626/tools/bin/../lib/gcc/arm-none-eabi/11.3.1/../../../../arm-none-eabi/lib/thumb/v7e-m+fp/hard\libc_nano.a(libc_a-printf.o)
                              ./Core/Src/washer.o (printf)
C:/ST/STM32CubeIDE_1.12.0/STM32CubeIDE/plugins/com.st.stm32cube.ide.mcu.externaltools.gnu-tools-for-stm32.11.3.rel1.win32_1.1.1.202309131626/tools/bin/../lib/gcc/arm-none-eabi/11.3.1/../../../../arm-none-eabi/lib/thumb/v7e-m+fp/hard\libc_nano.a(libc_a-puts.o)
                              ./Core/Src/main.o (puts)
C:/ST/STM32CubeIDE_1.12.0/STM32CubeIDE/plugins/com.st.stm32cube.ide.mcu.externaltools.gnu-tools-for-stm32.11.3.rel1.win32_1.1.1.202309131626/tools/bin/../lib/gcc/arm-none-eabi/11.3.1/../../../../arm-none-eabi/lib/thumb/v7e-m+fp/hard\libc_nano.a(libc_a-sprintf.o)
                              ./Core/Src/i2c_lcd.o (sprintf)
C:/ST/STM32CubeIDE_1.12.0/STM32CubeIDE/plugins/com.st.stm32cube.ide.mcu.externaltools.gnu-tools-for-stm32.11.3.rel1.win32_1.1.1.202309131626/tools/bin/../lib/gcc/arm-none-eabi/11.3.1/../../../../arm-none-eabi/lib/thumb/v7e-m+fp/hard\libc_nano.a(libc_a-stdio.o)
                              C:/ST/STM32CubeIDE_1.12.0/STM32CubeIDE/plugins/com.st.stm32cube.ide.mcu.externaltools.gnu-tools-for-stm32.11.3.rel1.win32_1.1.1.202309131626/tools/bin/../lib/gcc/arm-none-eabi/11.3.1/../../../../arm-none-eabi/lib/thumb/v7e-m+fp/hard\libc_nano.a(libc_a-findfp.o) (__sread)
C:/ST/STM32CubeIDE_1.12.0/STM32CubeIDE/plugins/com.st.stm32cube.ide.mcu.externaltools.gnu-tools-for-stm32.11.3.rel1.win32_1.1.1.202309131626/tools/bin/../lib/gcc/arm-none-eabi/11.3.1/../../../../arm-none-eabi/lib/thumb/v7e-m+fp/hard\libc_nano.a(libc_a-wbuf.o)
                              C:/ST/STM32CubeIDE_1.12.0/STM32CubeIDE/plugins/com.st.stm32cube.ide.mcu.externaltools.gnu-tools-for-stm32.11.3.rel1.win32_1.1.1.202309131626/tools/bin/../lib/gcc/arm-none-eabi/11.3.1/../../../../arm-none-eabi/lib/thumb/v7e-m+fp/hard\libc_nano.a(libc_a-puts.o) (__swbuf_r)
C:/ST/STM32CubeIDE_1.12.0/STM32CubeIDE/plugins/com.st.stm32cube.ide.mcu.externaltools.gnu-tools-for-stm32.11.3.rel1.win32_1.1.1.202309131626/tools/bin/../lib/gcc/arm-none-eabi/11.3.1/../../../../arm-none-eabi/lib/thumb/v7e-m+fp/hard\libc_nano.a(libc_a-wsetup.o)
                              C:/ST/STM32CubeIDE_1.12.0/STM32CubeIDE/plugins/com.st.stm32cube.ide.mcu.externaltools.gnu-tools-for-stm32.11.3.rel1.win32_1.1.1.202309131626/tools/bin/../lib/gcc/arm-none-eabi/11.3.1/../../../../arm-none-eabi/lib/thumb/v7e-m+fp/hard\libc_nano.a(libc_a-puts.o) (__swsetup_r)
C:/ST/STM32CubeIDE_1.12.0/STM32CubeIDE/plugins/com.st.stm32cube.ide.mcu.externaltools.gnu-tools-for-stm32.11.3.rel1.win32_1.1.1.202309131626/tools/bin/../lib/gcc/arm-none-eabi/11.3.1/../../../../arm-none-eabi/lib/thumb/v7e-m+fp/hard\libc_nano.a(libc_a-memset.o)
                              C:/ST/STM32CubeIDE_1.12.0/STM32CubeIDE/plugins/com.st.stm32cube.ide.mcu.externaltools.gnu-tools-for-stm32.11.3.rel1.win32_1.1.1.202309131626/tools/bin/../lib/gcc/arm-none-eabi/11.3.1/../../../../arm-none-eabi/lib/thumb/v7e-m+fp/hard/crt0.o (memset)
[...]
Memory Configuration

Name             Origin             Length             Attributes
CCMRAM           0x0000000010000000 0x0000000000010000 xrw
RAM              0x0000000020000000 0x0000000000030000 xrw
FLASH            0x0000000008000000 0x0000000000200000 xr
*default*        0x0000000000000000 0xffffffffffffffff

Linker script and memory map

LOAD C:/ST/STM32CubeIDE_1.12.0/STM32CubeIDE/plugins/com.st.stm32cube.ide.mcu.externaltools.gnu-tools-for-stm32.11.3.rel1.win32_1.1.1.202309131626/tools/bin/../lib/gcc/arm-none-eabi/11.3.1/thumb/v7e-m+fp/hard/crti.o
LOAD C:/ST/STM32CubeIDE_1.12.0/STM32CubeIDE/plugins/com.st.stm32cube.ide.mcu.externaltools.gnu-tools-for-stm32.11.3.rel1.win32_1.1.1.202309131626/tools/bin/../lib/gcc/arm-none-eabi/11.3.1/thumb/v7e-m+fp/hard/crtbegin.o
LOAD C:/ST/STM32CubeIDE_1.12.0/STM32CubeIDE/plugins/com.st.stm32cube.ide.mcu.externaltools.gnu-tools-for-stm32.11.3.rel1.win32_1.1.1.202309131626/tools/bin/../lib/gcc/arm-none-eabi/11.3.1/../../../../arm-none-eabi/lib/thumb/v7e-m+fp/hard/crt0.o
LOAD ./Core/Src/buzzer.o
LOAD ./Core/Src/fnd4dight.o
LOAD ./Core/Src/i2c_lcd.o
LOAD ./Core/Src/main.o
LOAD ./Core/Src/stm32f4xx_hal_msp.o
LOAD ./Core/Src/stm32f4xx_it.o
LOAD ./Core/Src/syscalls.o
LOAD ./Core/Src/sysmem.o
LOAD ./Core/Src/system_stm32f4xx.o
LOAD ./Core/Src/washer.o
LOAD ./Core/Src/washer_button.o
LOAD ./Core/Src/washer_dcmotor.o
LOAD ./Core/Src/washer_led.o
LOAD ./Core/Src/washer_time.o
LOAD ./Core/Src/washer_uart.o
LOAD ./Core/Src/washer_ultrasonic.o
LOAD ./Core/Startup/startup_stm32f429zitx.o
LOAD ./Drivers/STM32F4xx_HAL_Driver/Src/stm32f4xx_hal.o
LOAD ./Drivers/STM32F4xx_HAL_Driver/Src/stm32f4xx_hal_cortex.o
LOAD ./Drivers/STM32F4xx_HAL_Driver/Src/stm32f4xx_hal_dma.o
LOAD ./Drivers/STM32F4xx_HAL_Driver/Src/stm32f4xx_hal_dma_ex.o
LOAD ./Drivers/STM32F4xx_HAL_Driver/Src/stm32f4xx_hal_eth.o
LOAD ./Drivers/STM32F4xx_HAL_Driver/Src/stm32f4xx_hal_exti.o
LOAD ./Drivers/STM32F4xx_HAL_Driver/Src/stm32f4xx_hal_flash.o
LOAD ./Drivers/STM32F4xx_HAL_Driver/Src/stm32f4xx_hal_flash_ex.o
LOAD ./Drivers/STM32F4xx_HAL_Driver/Src/stm32f4xx_hal_flash_ramfunc.o
LOAD ./Drivers/STM32F4xx_HAL_Driver/Src/stm32f4xx_hal_gpio.o
LOAD ./Drivers/STM32F4xx_HAL_Driver/Src/stm32f4xx_hal_i2c.o
LOAD ./Drivers/STM32F4xx_HAL_Driver/Src/stm32f4xx_hal_i2c_ex.o
LOAD ./Drivers/STM32F4xx_HAL_Driver/Src/stm32f4xx_hal_pcd.o
LOAD ./Drivers/STM32F4xx_HAL_Driver/Src/stm32f4xx_hal_pcd_ex.o
LOAD ./Drivers/STM32F4xx_HAL_Driver/Src/stm32f4xx_hal_pwr.o
LOAD ./Drivers/STM32F4xx_HAL_Driver/Src/stm32f4xx_hal_pwr_ex.o
LOAD ./Drivers/STM32F4xx_HAL_Driver/Src/stm32f4xx_hal_rcc.o
LOAD ./Drivers/STM32F4xx_HAL_Driver/Src/stm32f4xx_hal_rcc_ex.o
LOAD ./Drivers/STM32F4xx_HAL_Driver/Src/stm32f4xx_hal_tim.o
LOAD ./Drivers/STM32F4xx_HAL_Driver/Src/stm32f4xx_hal_tim_ex.o
LOAD ./Drivers/STM32F4xx_HAL_Driver/Src/stm32f4xx_hal_uart.o
LOAD ./Drivers/STM32F4xx_HAL_Driver/Src/stm32f4xx_ll_usb.o
START GROUP
LOAD C:/ST/STM32CubeIDE_1.12.0/STM32CubeIDE/plugins/com.st.stm32cube.ide.mcu.externaltools.gnu-tools-for-stm32.11.3.rel1.win32_1.1.1.202309131626/tools/bin/../lib/gcc/arm-none-eabi/11.3.1/../../../../arm-none-eabi/lib/thumb/v7e-m+fp/hard\libc_nano.a
LOAD C:/ST/STM32CubeIDE_1.12.0/STM32CubeIDE/plugins/com.st.stm32cube.ide.mcu.externaltools.gnu-tools-for-stm32.11.3.rel1.win32_1.1.1.202309131626/tools/bin/../lib/gcc/arm-none-eabi/11.3.1/../../../../arm-none-eabi/lib/thumb/v7e-m+fp/hard\libm.a
END GROUP
START GROUP
LOAD C:/ST/STM32CubeIDE_1.12.0/STM32CubeIDE/plugins/com.st.stm32cube.ide.mcu.externaltools.gnu-tools-for-stm32.11.3.rel1.win32_1.1.1.202309131626/tools/bin/../lib/gcc/arm-none-eabi/11.3.1/thumb/v7e-m+fp/hard\libgcc.a
LOAD C:/ST/STM32CubeIDE_1.12.0/STM32CubeIDE/plugins/com.st.stm32cube.ide.mcu.externaltools.gnu-tools-for-stm32.11.3.rel1.win32_1.1.1.202309131626/tools/bin/../lib/gcc/arm-none-eabi/11.3.1/../../../../arm-none-eabi/lib/thumb/v7e-m+fp/hard\libc_nano.a
END GROUP
START GROUP
LOAD C:/ST/STM32CubeIDE_1.12.0/STM32CubeIDE/plugins/com.st.stm32cube.ide.mcu.externaltools.gnu-tools-for-stm32.11.3.rel1.win32_1.1.1.202309131626/tools/bin/../lib/gcc/arm-none-eabi/11.3.1/thumb/v7e-m+fp/hard\libgcc.a
LOAD C:/ST/STM32CubeIDE_1.12.0/STM32CubeIDE/plugins/com.st.stm32cube.ide.mcu.externaltools.gnu-tools-for-stm32.11.3.rel1.win32_1.1.1.202309131626/tools/bin/../lib/gcc/arm-none-eabi/11.3.1/../../../../arm-none-eabi/lib/thumb/v7e-m+fp/hard\libc_nano.a
LOAD C:/ST/STM32CubeIDE_1.12.0/STM32CubeIDE/plugins/com.st.stm32cube.ide.mcu.externaltools.gnu-tools-for-stm32.11.3.rel1.win32_1.1.1.202309131626/tools/bin/../lib/gcc/arm-none-eabi/11.3.1/../../../../arm-none-eabi/lib/thumb/v7e-m+fp/hard\libnosys.a
END GROUP
START GROUP
LOAD C:/ST/STM32CubeIDE_1.12.0/STM32CubeIDE/plugins/com.st.stm32cube.ide.mcu.externaltools.gnu-tools-for-stm32.11.3.rel1.win32_1.1.1.202309131626/tools/bin/../lib/gcc/arm-none-eabi/11.3.1/thumb/v7e-m+fp/hard\libgcc.a
LOAD C:/ST/STM32CubeIDE_1.12.0/STM32CubeIDE/plugins/com.st.stm32cube.ide.mcu.externaltools.gnu-tools-for-stm32.11.3.rel1.win32_1.1.1.202309131626/tools/bin/../lib/gcc/arm-none-eabi/11.3.1/../../../../arm-none-eabi/lib/thumb/v7e-m+fp/hard\libc_nano.a
LOAD C:/ST/STM32CubeIDE_1.12.0/STM32CubeIDE/plugins/com.st.stm32cube.ide.mcu.externaltools.gnu-tools-for-stm32.11.3.rel1.win32_1.1.1.202309131626/tools/bin/../lib/gcc/arm-none-eabi/11.3.1/../../../../arm-none-eabi/lib/thumb/v7e-m+fp/hard\libnosys.a
END GROUP
LOAD C:/ST/STM32CubeIDE_1.12.0/STM32CubeIDE/plugins/com.st.stm32cube.ide.mcu.externaltools.gnu-tools-for-stm32.11.3.rel1.win32_1.1.1.202309131626/tools/bin/../lib/gcc/arm-none-eabi/11.3.1/thumb/v7e-m+fp/hard/crtend.o
LOAD C:/ST/STM32CubeIDE_1.12.0/STM32CubeIDE/plugins/com.st.stm32cube.ide.mcu.externaltools.gnu-tools-for-stm32.11.3.rel1.win32_1.1.1.202309131626/tools/bin/../lib/gcc/arm-none-eabi/11.3.1/thumb/v7e-m+fp/hard/crtn.o
                0x0000000020030000                _estack = (ORIGIN (RAM) + LENGTH (RAM))
                0x0000000000000200                _Min_Heap_Size = 0x200
                0x0000000000000400                _Min_Stack_Size = 0x400

.isr_vector     0x0000000008000000      0x1ac
                0x0000000008000000                . = ALIGN (0x4)
 *(.isr_vector)
 .isr_vector    0x0000000008000000      0x1ac ./Core/Startup/startup_stm32f429zitx.o
                0x0000000008000000                g_pfnVectors
                0x00000000080001ac                . = ALIGN (0x4)

.text           0x00000000080001b0     0x9108
                0x00000000080001b0                . = ALIGN (0x4)
 *(.text)
 .text          0x00000000080001b0       0x40 C:/ST/STM32CubeIDE_1.12.0/STM32CubeIDE/plugins/com.st.stm32cube.ide.mcu.externaltools.gnu-tools-for-stm32.11.3.rel1.win32_1.1.1.202309131626/tools/bin/../lib/gcc/arm-none-eabi/11.3.1/thumb/v7e-m+fp/hard/crtbegin.o
 .text          0x00000000080001f0       0xa0 C:/ST/STM32CubeIDE_1.12.0/STM32CubeIDE/plugins/com.st.stm32cube.ide.mcu.externaltools.gnu-tools-for-stm32.11.3.rel1.win32_1.1.1.202309131626/tools/bin/../lib/gcc/arm-none-eabi/11.3.1/../../../../arm-none-eabi/lib/thumb/v7e-m+fp/hard\libc_nano.a(libc_a-memchr.o)
                0x00000000080001f0                memchr
 .text          0x0000000008000290      0x378 C:/ST/STM32CubeIDE_1.12.0/STM32CubeIDE/plugins/com.st.stm32cube.ide.mcu.externaltools.gnu-tools-for-stm32.11.3.rel1.win32_1.1.1.202309131626/tools/bin/../lib/gcc/arm-none-eabi/11.3.1/thumb/v7e-m+fp/hard\libgcc.a(_arm_addsubdf3.o)
                0x0000000008000290                __aeabi_drsub
                0x0000000008000298                __aeabi_dsub
                0x0000000008000298                __subdf3
                0x000000000800029c                __aeabi_dadd
                0x000000000800029c                __adddf3
                0x0000000008000514                __floatunsidf
                0x0000000008000514                __aeabi_ui2d
                0x0000000008000534                __floatsidf
                0x0000000008000534                __aeabi_i2d
                0x0000000008000558                __aeabi_f2d
                0x0000000008000558                __extendsfdf2
                0x000000000800059c                __floatundidf
                0x000000000800059c                __aeabi_ul2d
                0x00000000080005ac                __floatdidf
                0x00000000080005ac                __aeabi_l2d
 .text          0x0000000008000608      0x424 C:/ST/STM32CubeIDE_1.12.0/STM32CubeIDE/plugins/com.st.stm32cube.ide.mcu.externaltools.gnu-tools-for-stm32.11.3.rel1.win32_1.1.1.202309131626/tools/bin/../lib/gcc/arm-none-eabi/11.3.1/thumb/v7e-m+fp/hard\libgcc.a(_arm_muldivdf3.o)
                0x0000000008000608                __aeabi_dmul
                0x0000000008000608                __muldf3
                0x000000000800085c                __divdf3
                0x000000000800085c                __aeabi_ddiv
 .text          0x0000000008000a2c       0x50 C:/ST/STM32CubeIDE_1.12.0/STM32CubeIDE/plugins/com.st.stm32cube.ide.mcu.externaltools.gnu-tools-for-stm32.11.3.rel1.win32_1.1.1.202309131626/tools/bin/../lib/gcc/arm-none-eabi/11.3.1/thumb/v7e-m+fp/hard\libgcc.a(_arm_fixdfsi.o)
                0x0000000008000a2c                __aeabi_d2iz
                0x0000000008000a2c                __fixdfsi
 .text          0x0000000008000a7c       0x30 C:/ST/STM32CubeIDE_1.12.0/STM32CubeIDE/plugins/com.st.stm32cube.ide.mcu.externaltools.gnu-tools-for-stm32.11.3.rel1.win32_1.1.1.202309131626/tools/bin/../lib/gcc/arm-none-eabi/11.3.1/thumb/v7e-m+fp/hard\libgcc.a(_aeabi_uldivmod.o)
                0x0000000008000a7c                __aeabi_uldivmod
 .text          0x0000000008000aac      0x2c8 C:/ST/STM32CubeIDE_1.12.0/STM32CubeIDE/plugins/com.st.stm32cube.ide.mcu.externaltools.gnu-tools-for-stm32.11.3.rel1.win32_1.1.1.202309131626/tools/bin/../lib/gcc/arm-none-eabi/11.3.1/thumb/v7e-m+fp/hard\libgcc.a(_udivmoddi4.o)
                0x0000000008000aac                __udivmoddi4
 .text          0x0000000008000d74        0x4 C:/ST/STM32CubeIDE_1.12.0/STM32CubeIDE/plugins/com.st.stm32cube.ide.mcu.externaltools.gnu-tools-for-stm32.11.3.rel1.win32_1.1.1.202309131626/tools/bin/../lib/gcc/arm-none-eabi/11.3.1/thumb/v7e-m+fp/hard\libgcc.a(_dvmd_tls.o)
                0x0000000008000d74                __aeabi_idiv0
                0x0000000008000d74                __aeabi_ldiv0
 *(.text*)
 .text.complete_sound
                0x0000000008000d78       0x9c ./Core/Src/buzzer.o
                0x0000000008000d78                complete_sound
 .text.bbig     0x0000000008000e14       0x74 ./Core/Src/buzzer.o
                0x0000000008000e14                bbig
 .text.noTone   0x0000000008000e88       0x1c ./Core/Src/buzzer.o
                0x0000000008000e88                noTone
 .text.FND_update
                0x0000000008000ea4       0xc0 ./Core/Src/fnd4dight.o
                0x0000000008000ea4                FND_update
 .text.FND4digit_off
                0x0000000008000f64       0x38 ./Core/Src/fnd4dight.o
                0x0000000008000f64                FND4digit_off
 .text.FND_print
                0x0000000008000f9c       0xc4 ./Core/Src/fnd4dight.o
                0x0000000008000f9c                FND_print
 .text.i2c_lcd_washer
                0x0000000008001060      0x180 ./Core/Src/i2c_lcd.o
                0x0000000008001060                i2c_lcd_washer
 .text.i2c_lcd_washer_init
                0x00000000080011e0       0x30 ./Core/Src/i2c_lcd.o
                0x00000000080011e0                i2c_lcd_washer_init
 .text.lcd_command
                0x0000000008001210       0x68 ./Core/Src/i2c_lcd.o
                0x0000000008001210                lcd_command
 .text.lcd_data
                0x0000000008001278       0x68 ./Core/Src/i2c_lcd.o
                0x0000000008001278                lcd_data
 .text.i2c_lcd_init
                0x00000000080012e0       0x32 ./Core/Src/i2c_lcd.o
                0x00000000080012e0                i2c_lcd_init
 .text.lcd_string
                0x0000000008001312       0x2a ./Core/Src/i2c_lcd.o
                0x0000000008001312                lcd_string
 .text.move_cursor
                0x000000000800133c       0x30 ./Core/Src/i2c_lcd.o
                0x000000000800133c                move_cursor
 .text.HAL_SYSTICK_Handler
                0x000000000800136c       0x1c ./Core/Src/main.o
                0x000000000800136c                HAL_SYSTICK_Handler
 .text.delay_us
                0x0000000008001388       0x30 ./Core/Src/main.o
                0x0000000008001388                delay_us
 .text.HAL_TIM_PeriodElapsedCallback
                0x00000000080013b8       0x40 ./Core/Src/main.o
                0x00000000080013b8                HAL_TIM_PeriodElapsedCallback
 .text.__io_putchar
                0x00000000080013f8       0x24 ./Core/Src/main.o
                0x00000000080013f8                __io_putchar
 .text.main     0x000000000800141c       0x7c ./Core/Src/main.o
                0x000000000800141c                main
 .text.SystemClock_Config
                0x0000000008001498       0xd4 ./Core/Src/main.o
                0x0000000008001498                SystemClock_Config
 .text.MX_ETH_Init
                0x000000000800156c       0x9c ./Core/Src/main.o
 .text.MX_I2C1_Init
                0x0000000008001608       0x80 ./Core/Src/main.o
 .text.MX_TIM3_Init
                0x0000000008001688       0xa8 ./Core/Src/main.o
 .text.MX_TIM4_Init
                0x0000000008001730       0xb4 ./Core/Src/main.o
 .text.MX_TIM5_Init
                0x00000000080017e4       0xb4 ./Core/Src/main.o
 .text.MX_TIM10_Init
                0x0000000008001898       0x48 ./Core/Src/main.o
 .text.MX_TIM11_Init
                0x00000000080018e0       0x48 ./Core/Src/main.o
 .text.MX_USART3_UART_Init
                0x0000000008001928       0x54 ./Core/Src/main.o
 .text.MX_USB_OTG_FS_PCD_Init
                0x000000000800197c       0x5c ./Core/Src/main.o
 .text.MX_GPIO_Init
                0x00000000080019d8      0x25c ./Core/Src/main.o
 .text.Error_Handler
                0x0000000008001c34        0xa ./Core/Src/main.o
                0x0000000008001c34                Error_Handler
 *fill*         0x0000000008001c3e        0x2 
 .text.HAL_MspInit
                0x0000000008001c40       0x50 ./Core/Src/stm32f4xx_hal_msp.o
                0x0000000008001c40                HAL_MspInit
 .text.HAL_ETH_MspInit
                0x0000000008001c90      0x18c ./Core/Src/stm32f4xx_hal_msp.o
                0x0000000008001c90                HAL_ETH_MspInit
 .text.HAL_I2C_MspInit
                0x0000000008001e1c       0x90 ./Core/Src/stm32f4xx_hal_msp.o
                0x0000000008001e1c                HAL_I2C_MspInit
 .text.HAL_TIM_IC_MspInit
                0x0000000008001eac       0xa0 ./Core/Src/stm32f4xx_hal_msp.o
                0x0000000008001eac                HAL_TIM_IC_MspInit
 .text.HAL_TIM_PWM_MspInit
                0x0000000008001f4c       0x8c ./Core/Src/stm32f4xx_hal_msp.o
                0x0000000008001f4c                HAL_TIM_PWM_MspInit
 .text.HAL_TIM_Base_MspInit
                0x0000000008001fd8       0x8c ./Core/Src/stm32f4xx_hal_msp.o
                0x0000000008001fd8                HAL_TIM_Base_MspInit
 .text.HAL_TIM_MspPostInit
                0x0000000008002064       0xc4 ./Core/Src/stm32f4xx_hal_msp.o
                0x0000000008002064                HAL_TIM_MspPostInit
 .text.HAL_UART_MspInit
                0x0000000008002128       0xa0 ./Core/Src/stm32f4xx_hal_msp.o
                0x0000000008002128                HAL_UART_MspInit
 .text.HAL_PCD_MspInit
                0x00000000080021c8       0xb4 ./Core/Src/stm32f4xx_hal_msp.o
                0x00000000080021c8                HAL_PCD_MspInit
 .text.NMI_Handler
                0x000000000800227c        0x6 ./Core/Src/stm32f4xx_it.o
                0x000000000800227c                NMI_Handler
 .text.HardFault_Handler
                0x0000000008002282        0x6 ./Core/Src/stm32f4xx_it.o
                0x0000000008002282                HardFault_Handler
 .text.MemManage_Handler
                0x0000000008002288        0x6 ./Core/Src/stm32f4xx_it.o
                0x0000000008002288                MemManage_Handler
 .text.BusFault_Handler
                0x000000000800228e        0x6 ./Core/Src/stm32f4xx_it.o
                0x000000000800228e                BusFault_Handler
 .text.UsageFault_Handler
                0x0000000008002294        0x6 ./Core/Src/stm32f4xx_it.o
                0x0000000008002294                UsageFault_Handler
 .text.SVC_Handler
                0x000000000800229a        0xe ./Core/Src/stm32f4xx_it.o
                0x000000000800229a                SVC_Handler
 .text.DebugMon_Handler
                0x00000000080022a8        0xe ./Core/Src/stm32f4xx_it.o
                0x00000000080022a8                DebugMon_Handler
 .text.PendSV_Handler
                0x00000000080022b6        0xe ./Core/Src/stm32f4xx_it.o
                0x00000000080022b6                PendSV_Handler
 .text.SysTick_Handler
                0x00000000080022c4       0x10 ./Core/Src/stm32f4xx_it.o
                0x00000000080022c4                SysTick_Handler
 .text.TIM1_UP_TIM10_IRQHandler
                0x00000000080022d4       0x14 ./Core/Src/stm32f4xx_it.o
                0x00000000080022d4                TIM1_UP_TIM10_IRQHandler
 .text.TIM1_TRG_COM_TIM11_IRQHandler
                0x00000000080022e8       0x14 ./Core/Src/stm32f4xx_it.o
                0x00000000080022e8                TIM1_TRG_COM_TIM11_IRQHandler
 .text.TIM3_IRQHandler
                0x00000000080022fc       0x14 ./Core/Src/stm32f4xx_it.o
                0x00000000080022fc                TIM3_IRQHandler
 .text.TIM4_IRQHandler
                0x0000000008002310       0x14 ./Core/Src/stm32f4xx_it.o
                0x0000000008002310                TIM4_IRQHandler
 .text.USART3_IRQHandler
                0x0000000008002324       0x14 ./Core/Src/stm32f4xx_it.o
                0x0000000008002324                USART3_IRQHandler
 .text.TIM5_IRQHandler
                0x0000000008002338       0x14 ./Core/Src/stm32f4xx_it.o
                0x0000000008002338                TIM5_IRQHandler
 .text._read    0x000000000800234c       0x3a ./Core/Src/syscalls.o
                0x000000000800234c                _read
 .text._write   0x0000000008002386       0x38 ./Core/Src/syscalls.o
                0x0000000008002386                _write
 .text._close   0x00000000080023be       0x18 ./Core/Src/syscalls.o
                0x00000000080023be                _close
 .text._fstat   0x00000000080023d6       0x20 ./Core/Src/syscalls.o
                0x00000000080023d6                _fstat
 .text._isatty  0x00000000080023f6       0x16 ./Core/Src/syscalls.o
                0x00000000080023f6                _isatty
 .text._lseek   0x000000000800240c       0x1a ./Core/Src/syscalls.o
                0x000000000800240c                _lseek
 *fill*         0x0000000008002426        0x2 
 .text._sbrk    0x0000000008002428       0x6c ./Core/Src/sysmem.o
                0x0000000008002428                _sbrk
 .text.SystemInit
                0x0000000008002494       0x24 ./Core/Src/system_stm32f4xx.o
                0x0000000008002494                SystemInit
 .text.washer_main
                0x00000000080024b8      0x82c ./Core/Src/washer.o
                0x00000000080024b8                washer_main
 .text.get_button
                0x0000000008002ce4       0x70 ./Core/Src/washer_button.o
                0x0000000008002ce4                get_button
 .text.wash_rinse_dry_motor_start
                0x0000000008002d54      0x128 ./Core/Src/washer_dcmotor.o
                0x0000000008002d54                wash_rinse_dry_motor_start
 .text.led_all_off
                0x0000000008002e7c       0x18 ./Core/Src/washer_led.o
                0x0000000008002e7c                led_all_off
 .text.led_water_level
                0x0000000008002e94       0x64 ./Core/Src/washer_led.o
                0x0000000008002e94                led_water_level
 .text.wash_duration_processing
                0x0000000008002ef8       0x3c ./Core/Src/washer_time.o
                0x0000000008002ef8                wash_duration_processing
 .text.rinse_duration_processing
                0x0000000008002f34       0x30 ./Core/Src/washer_time.o
                0x0000000008002f34                rinse_duration_processing
 .text.dry_duration_processing
                0x0000000008002f64       0x2c ./Core/Src/washer_time.o
                0x0000000008002f64                dry_duration_processing
 .text.run_time_processing
                0x0000000008002f90       0x34 ./Core/Src/washer_time.o
                0x0000000008002f90                run_time_processing
 .text.HAL_TIM_IC_CaptureCallback
                0x0000000008002fc4       0x6c ./Core/Src/washer_ultrasonic.o
                0x0000000008002fc4                HAL_TIM_IC_CaptureCallback
 .text.ultrasonic_water_level_measurement
                0x0000000008003030       0xd8 ./Core/Src/washer_ultrasonic.o
                0x0000000008003030                ultrasonic_water_level_measurement
 .text.make_trigger
                0x0000000008003108       0x3c ./Core/Src/washer_ultrasonic.o
                0x0000000008003108                make_trigger
 .text.Reset_Handler
                0x0000000008003144       0x50 ./Core/Startup/startup_stm32f429zitx.o
                0x0000000008003144                Reset_Handler
 .text.Default_Handler
                0x0000000008003194        0x2 ./Core/Startup/startup_stm32f429zitx.o
                0x0000000008003194                RTC_Alarm_IRQHandler
                0x0000000008003194                HASH_RNG_IRQHandler
                0x0000000008003194                EXTI2_IRQHandler
                0x0000000008003194                TIM8_CC_IRQHandler
                0x0000000008003194                UART8_IRQHandler
                0x0000000008003194                SPI4_IRQHandler
                0x0000000008003194                TIM1_CC_IRQHandler
                0x0000000008003194                DMA2_Stream5_IRQHandler
                0x0000000008003194                DMA1_Stream5_IRQHandler
                0x0000000008003194                PVD_IRQHandler
                0x0000000008003194                SDIO_IRQHandler
                0x0000000008003194                TAMP_STAMP_IRQHandler
                0x0000000008003194                CAN2_RX1_IRQHandler
                0x0000000008003194                EXTI3_IRQHandler
                0x0000000008003194                TIM8_TRG_COM_TIM14_IRQHandler
                0x0000000008003194                TIM8_UP_TIM13_IRQHandler
                0x0000000008003194                I2C3_ER_IRQHandler
                0x0000000008003194                EXTI0_IRQHandler
                0x0000000008003194                I2C2_EV_IRQHandler
                0x0000000008003194                DMA1_Stream2_IRQHandler
                0x0000000008003194                CAN1_RX0_IRQHandler
                0x0000000008003194                FPU_IRQHandler
                0x0000000008003194                OTG_HS_WKUP_IRQHandler
                0x0000000008003194                LTDC_ER_IRQHandler
                0x0000000008003194                CAN2_SCE_IRQHandler
                0x0000000008003194                DMA2_Stream2_IRQHandler
                0x0000000008003194                SPI1_IRQHandler
                0x0000000008003194                TIM6_DAC_IRQHandler
                0x0000000008003194                TIM1_BRK_TIM9_IRQHandler
                0x0000000008003194                DCMI_IRQHandler
                0x0000000008003194                CAN2_RX0_IRQHandler
                0x0000000008003194                DMA2_Stream3_IRQHandler
                0x0000000008003194                USART6_IRQHandler
                0x0000000008003194                CAN1_RX1_IRQHandler
                0x0000000008003194                UART5_IRQHandler
                0x0000000008003194                DMA2_Stream0_IRQHandler
                0x0000000008003194                I2C1_EV_IRQHandler
                0x0000000008003194                DMA1_Stream6_IRQHandler
                0x0000000008003194                DMA1_Stream1_IRQHandler
                0x0000000008003194                UART4_IRQHandler
                0x0000000008003194                RCC_IRQHandler
                0x0000000008003194                TIM8_BRK_TIM12_IRQHandler
                0x0000000008003194                Default_Handler
                0x0000000008003194                EXTI15_10_IRQHandler
                0x0000000008003194                ADC_IRQHandler
                0x0000000008003194                DMA1_Stream7_IRQHandler
                0x0000000008003194                SPI5_IRQHandler
                0x0000000008003194                TIM7_IRQHandler
                0x0000000008003194                CAN2_TX_IRQHandler
                0x0000000008003194                DMA2_Stream7_IRQHandler
                0x0000000008003194                I2C3_EV_IRQHandler
                0x0000000008003194                EXTI9_5_IRQHandler
                0x0000000008003194                RTC_WKUP_IRQHandler
                0x0000000008003194                LTDC_IRQHandler
                0x0000000008003194                ETH_WKUP_IRQHandler
                0x0000000008003194                SPI2_IRQHandler
                0x0000000008003194                OTG_HS_EP1_IN_IRQHandler
                0x0000000008003194                DMA1_Stream0_IRQHandler
                0x0000000008003194                CAN1_TX_IRQHandler
                0x0000000008003194                EXTI4_IRQHandler
                0x0000000008003194                ETH_IRQHandler
                0x0000000008003194                OTG_HS_EP1_OUT_IRQHandler
                0x0000000008003194                WWDG_IRQHandler
                0x0000000008003194                SPI6_IRQHandler
                0x0000000008003194                TIM2_IRQHandler
                0x0000000008003194                OTG_FS_WKUP_IRQHandler
                0x0000000008003194                OTG_HS_IRQHandler
                0x0000000008003194                DMA2D_IRQHandler
                0x0000000008003194                EXTI1_IRQHandler
                0x0000000008003194                UART7_IRQHandler
                0x0000000008003194                USART2_IRQHandler
                0x0000000008003194                I2C2_ER_IRQHandler
                0x0000000008003194                DMA2_Stream1_IRQHandler
                0x0000000008003194                CAN1_SCE_IRQHandler
                0x0000000008003194                FLASH_IRQHandler
                0x0000000008003194                DMA2_Stream4_IRQHandler
                0x0000000008003194                USART1_IRQHandler
                0x0000000008003194                OTG_FS_IRQHandler
                0x0000000008003194                SPI3_IRQHandler
                0x0000000008003194                DMA1_Stream4_IRQHandler
                0x0000000008003194                I2C1_ER_IRQHandler
                0x0000000008003194                FMC_IRQHandler
                0x0000000008003194                DMA2_Stream6_IRQHandler
                0x0000000008003194                SAI1_IRQHandler
                0x0000000008003194                DMA1_Stream3_IRQHandler
 *fill*         0x0000000008003196        0x2 
 .text.HAL_Init
                0x0000000008003198       0x44 ./Drivers/STM32F4xx_HAL_Driver/Src/stm32f4xx_hal.o
                0x0000000008003198                HAL_Init
 .text.HAL_InitTick
                0x00000000080031dc       0x60 ./Drivers/STM32F4xx_HAL_Driver/Src/stm32f4xx_hal.o
                0x00000000080031dc                HAL_InitTick
 .text.HAL_IncTick
                0x000000000800323c       0x28 ./Drivers/STM32F4xx_HAL_Driver/Src/stm32f4xx_hal.o
                0x000000000800323c                HAL_IncTick
 .text.HAL_GetTick
                0x0000000008003264       0x18 ./Drivers/STM32F4xx_HAL_Driver/Src/stm32f4xx_hal.o
                0x0000000008003264                HAL_GetTick
 .text.HAL_Delay
                0x000000000800327c       0x48 ./Drivers/STM32F4xx_HAL_Driver/Src/stm32f4xx_hal.o
                0x000000000800327c                HAL_Delay
 .text.__NVIC_SetPriorityGrouping
                0x00000000080032c4       0x48 ./Drivers/STM32F4xx_HAL_Driver/Src/stm32f4xx_hal_cortex.o
 .text.__NVIC_GetPriorityGrouping
                0x000000000800330c       0x1c ./Drivers/STM32F4xx_HAL_Driver/Src/stm32f4xx_hal_cortex.o
 .text.__NVIC_EnableIRQ
                0x0000000008003328       0x3c ./Drivers/STM32F4xx_HAL_Driver/Src/stm32f4xx_hal_cortex.o
 .text.__NVIC_SetPriority
                0x0000000008003364       0x54 ./Drivers/STM32F4xx_HAL_Driver/Src/stm32f4xx_hal_cortex.o
 .text.NVIC_EncodePriority
                0x00000000080033b8       0x66 ./Drivers/STM32F4xx_HAL_Driver/Src/stm32f4xx_hal_cortex.o
 *fill*         0x000000000800341e        0x2 
 .text.SysTick_Config
                0x0000000008003420       0x44 ./Drivers/STM32F4xx_HAL_Driver/Src/stm32f4xx_hal_cortex.o
 .text.HAL_NVIC_SetPriorityGrouping
                0x0000000008003464       0x16 ./Drivers/STM32F4xx_HAL_Driver/Src/stm32f4xx_hal_cortex.o
                0x0000000008003464                HAL_NVIC_SetPriorityGrouping
 .text.HAL_NVIC_SetPriority
                0x000000000800347a       0x38 ./Drivers/STM32F4xx_HAL_Driver/Src/stm32f4xx_hal_cortex.o
                0x000000000800347a                HAL_NVIC_SetPriority
 .text.HAL_NVIC_EnableIRQ
                0x00000000080034b2       0x1c ./Drivers/STM32F4xx_HAL_Driver/Src/stm32f4xx_hal_cortex.o
                0x00000000080034b2                HAL_NVIC_EnableIRQ
 .text.HAL_SYSTICK_Config
                0x00000000080034ce       0x18 ./Drivers/STM32F4xx_HAL_Driver/Src/stm32f4xx_hal_cortex.o
                0x00000000080034ce                HAL_SYSTICK_Config
 .text.HAL_DMA_Abort
                0x00000000080034e6       0xe0 ./Drivers/STM32F4xx_HAL_Driver/Src/stm32f4xx_hal_dma.o
                0x00000000080034e6                HAL_DMA_Abort
 .text.HAL_DMA_Abort_IT
                0x00000000080035c6       0x44 ./Drivers/STM32F4xx_HAL_Driver/Src/stm32f4xx_hal_dma.o
                0x00000000080035c6                HAL_DMA_Abort_IT
 *fill*         0x000000000800360a        0x2 
 .text.HAL_ETH_Init
                0x000000000800360c       0xfc ./Drivers/STM32F4xx_HAL_Driver/Src/stm32f4xx_hal_eth.o
                0x000000000800360c                HAL_ETH_Init
 .text.ETH_SetMACConfig
                0x0000000008003708      0x160 ./Drivers/STM32F4xx_HAL_Driver/Src/stm32f4xx_hal_eth.o
 .text.ETH_SetDMAConfig
                0x0000000008003868      0x114 ./Drivers/STM32F4xx_HAL_Driver/Src/stm32f4xx_hal_eth.o
 .text.ETH_MACDMAConfig
                0x000000000800397c       0xe4 ./Drivers/STM32F4xx_HAL_Driver/Src/stm32f4xx_hal_eth.o
 .text.ETH_MACAddressConfig
                0x0000000008003a60       0x70 ./Drivers/STM32F4xx_HAL_Driver/Src/stm32f4xx_hal_eth.o
 .text.ETH_DMATxDescListInit
                0x0000000008003ad0       0xb2 ./Drivers/STM32F4xx_HAL_Driver/Src/stm32f4xx_hal_eth.o
 .text.ETH_DMARxDescListInit
                0x0000000008003b82       0xda ./Drivers/STM32F4xx_HAL_Driver/Src/stm32f4xx_hal_eth.o
 .text.HAL_GPIO_Init
                0x0000000008003c5c      0x358 ./Drivers/STM32F4xx_HAL_Driver/Src/stm32f4xx_hal_gpio.o
                0x0000000008003c5c                HAL_GPIO_Init
 .text.HAL_GPIO_ReadPin
                0x0000000008003fb4       0x30 ./Drivers/STM32F4xx_HAL_Driver/Src/stm32f4xx_hal_gpio.o
                0x0000000008003fb4                HAL_GPIO_ReadPin
 .text.HAL_GPIO_WritePin
                0x0000000008003fe4       0x32 ./Drivers/STM32F4xx_HAL_Driver/Src/stm32f4xx_hal_gpio.o
                0x0000000008003fe4                HAL_GPIO_WritePin
 *fill*         0x0000000008004016        0x2 
 .text.HAL_I2C_Init
                0x0000000008004018      0x288 ./Drivers/STM32F4xx_HAL_Driver/Src/stm32f4xx_hal_i2c.o
                0x0000000008004018                HAL_I2C_Init
 .text.HAL_I2C_Master_Transmit
                0x00000000080042a0      0x1fc ./Drivers/STM32F4xx_HAL_Driver/Src/stm32f4xx_hal_i2c.o
                0x00000000080042a0                HAL_I2C_Master_Transmit
 .text.I2C_MasterRequestWrite
                0x000000000800449c      0x104 ./Drivers/STM32F4xx_HAL_Driver/Src/stm32f4xx_hal_i2c.o
 .text.I2C_WaitOnFlagUntilTimeout
                0x00000000080045a0       0xae ./Drivers/STM32F4xx_HAL_Driver/Src/stm32f4xx_hal_i2c.o
 .text.I2C_WaitOnMasterAddressFlagUntilTimeout
                0x000000000800464e       0xfe ./Drivers/STM32F4xx_HAL_Driver/Src/stm32f4xx_hal_i2c.o
 .text.I2C_WaitOnTXEFlagUntilTimeout
                0x000000000800474c       0x82 ./Drivers/STM32F4xx_HAL_Driver/Src/stm32f4xx_hal_i2c.o
 .text.I2C_WaitOnBTFFlagUntilTimeout
                0x00000000080047ce       0x82 ./Drivers/STM32F4xx_HAL_Driver/Src/stm32f4xx_hal_i2c.o
 .text.I2C_IsAcknowledgeFailed
                0x0000000008004850       0x5e ./Drivers/STM32F4xx_HAL_Driver/Src/stm32f4xx_hal_i2c.o
 .text.HAL_I2CEx_ConfigAnalogFilter
                0x00000000080048ae       0x78 ./Drivers/STM32F4xx_HAL_Driver/Src/stm32f4xx_hal_i2c_ex.o
                0x00000000080048ae                HAL_I2CEx_ConfigAnalogFilter
 .text.HAL_I2CEx_ConfigDigitalFilter
                0x0000000008004926       0x7e ./Drivers/STM32F4xx_HAL_Driver/Src/stm32f4xx_hal_i2c_ex.o
                0x0000000008004926                HAL_I2CEx_ConfigDigitalFilter
 .text.HAL_PCD_Init
                0x00000000080049a4      0x23a ./Drivers/STM32F4xx_HAL_Driver/Src/stm32f4xx_hal_pcd.o
                0x00000000080049a4                HAL_PCD_Init
 *fill*         0x0000000008004bde        0x2 
 .text.HAL_RCC_OscConfig
                0x0000000008004be0      0x4f0 ./Drivers/STM32F4xx_HAL_Driver/Src/stm32f4xx_hal_rcc.o
                0x0000000008004be0                HAL_RCC_OscConfig
 .text.HAL_RCC_ClockConfig
                0x00000000080050d0      0x1cc ./Drivers/STM32F4xx_HAL_Driver/Src/stm32f4xx_hal_rcc.o
                0x00000000080050d0                HAL_RCC_ClockConfig
 .text.HAL_RCC_GetSysClockFreq
                0x000000000800529c      0x20c ./Drivers/STM32F4xx_HAL_Driver/Src/stm32f4xx_hal_rcc.o
                0x000000000800529c                HAL_RCC_GetSysClockFreq
 .text.HAL_RCC_GetHCLKFreq
                0x00000000080054a8       0x18 ./Drivers/STM32F4xx_HAL_Driver/Src/stm32f4xx_hal_rcc.o
                0x00000000080054a8                HAL_RCC_GetHCLKFreq
 .text.HAL_RCC_GetPCLK1Freq
                0x00000000080054c0       0x28 ./Drivers/STM32F4xx_HAL_Driver/Src/stm32f4xx_hal_rcc.o
                0x00000000080054c0                HAL_RCC_GetPCLK1Freq
 .text.HAL_RCC_GetPCLK2Freq
                0x00000000080054e8       0x28 ./Drivers/STM32F4xx_HAL_Driver/Src/stm32f4xx_hal_rcc.o
                0x00000000080054e8                HAL_RCC_GetPCLK2Freq
 .text.HAL_TIM_Base_Init
                0x0000000008005510       0x9e ./Drivers/STM32F4xx_HAL_Driver/Src/stm32f4xx_hal_tim.o
                0x0000000008005510                HAL_TIM_Base_Init
 *fill*         0x00000000080055ae        0x2 
 .text.HAL_TIM_Base_Start_IT
                0x00000000080055b0       0xe0 ./Drivers/STM32F4xx_HAL_Driver/Src/stm32f4xx_hal_tim.o
                0x00000000080055b0                HAL_TIM_Base_Start_IT
 .text.HAL_TIM_PWM_Init
                0x0000000008005690       0x9e ./Drivers/STM32F4xx_HAL_Driver/Src/stm32f4xx_hal_tim.o
                0x0000000008005690                HAL_TIM_PWM_Init
 *fill*         0x000000000800572e        0x2 
 .text.HAL_TIM_PWM_Start
                0x0000000008005730      0x190 ./Drivers/STM32F4xx_HAL_Driver/Src/stm32f4xx_hal_tim.o
                0x0000000008005730                HAL_TIM_PWM_Start
 .text.HAL_TIM_IC_Init
                0x00000000080058c0       0x9e ./Drivers/STM32F4xx_HAL_Driver/Src/stm32f4xx_hal_tim.o
                0x00000000080058c0                HAL_TIM_IC_Init
 *fill*         0x000000000800595e        0x2 
 .text.HAL_TIM_IC_Start_IT
                0x0000000008005960      0x250 ./Drivers/STM32F4xx_HAL_Driver/Src/stm32f4xx_hal_tim.o
                0x0000000008005960                HAL_TIM_IC_Start_IT
 .text.HAL_TIM_IRQHandler
                0x0000000008005bb0      0x210 ./Drivers/STM32F4xx_HAL_Driver/Src/stm32f4xx_hal_tim.o
                0x0000000008005bb0                HAL_TIM_IRQHandler
 .text.HAL_TIM_IC_ConfigChannel
                0x0000000008005dc0      0x138 ./Drivers/STM32F4xx_HAL_Driver/Src/stm32f4xx_hal_tim.o
                0x0000000008005dc0                HAL_TIM_IC_ConfigChannel
 .text.HAL_TIM_PWM_ConfigChannel
                0x0000000008005ef8      0x184 ./Drivers/STM32F4xx_HAL_Driver/Src/stm32f4xx_hal_tim.o
                0x0000000008005ef8                HAL_TIM_PWM_ConfigChannel
 .text.HAL_TIM_ReadCapturedValue
                0x000000000800607c       0x88 ./Drivers/STM32F4xx_HAL_Driver/Src/stm32f4xx_hal_tim.o
                0x000000000800607c                HAL_TIM_ReadCapturedValue
 .text.HAL_TIM_OC_DelayElapsedCallback
                0x0000000008006104       0x14 ./Drivers/STM32F4xx_HAL_Driver/Src/stm32f4xx_hal_tim.o
                0x0000000008006104                HAL_TIM_OC_DelayElapsedCallback
 .text.HAL_TIM_PWM_PulseFinishedCallback
                0x0000000008006118       0x14 ./Drivers/STM32F4xx_HAL_Driver/Src/stm32f4xx_hal_tim.o
                0x0000000008006118                HAL_TIM_PWM_PulseFinishedCallback
 .text.HAL_TIM_TriggerCallback
                0x000000000800612c       0x14 ./Drivers/STM32F4xx_HAL_Driver/Src/stm32f4xx_hal_tim.o
                0x000000000800612c                HAL_TIM_TriggerCallback
 .text.TIM_Base_SetConfig
                0x0000000008006140      0x140 ./Drivers/STM32F4xx_HAL_Driver/Src/stm32f4xx_hal_tim.o
                0x0000000008006140                TIM_Base_SetConfig
 .text.TIM_OC1_SetConfig
                0x0000000008006280       0xe0 ./Drivers/STM32F4xx_HAL_Driver/Src/stm32f4xx_hal_tim.o
 .text.TIM_OC2_SetConfig
                0x0000000008006360       0xec ./Drivers/STM32F4xx_HAL_Driver/Src/stm32f4xx_hal_tim.o
                0x0000000008006360                TIM_OC2_SetConfig
 .text.TIM_OC3_SetConfig
                0x000000000800644c       0xe8 ./Drivers/STM32F4xx_HAL_Driver/Src/stm32f4xx_hal_tim.o
 .text.TIM_OC4_SetConfig
                0x0000000008006534       0xac ./Drivers/STM32F4xx_HAL_Driver/Src/stm32f4xx_hal_tim.o
 .text.TIM_TI1_SetConfig
                0x00000000080065e0       0xe8 ./Drivers/STM32F4xx_HAL_Driver/Src/stm32f4xx_hal_tim.o
                0x00000000080065e0                TIM_TI1_SetConfig
 .text.TIM_TI2_SetConfig
                0x00000000080066c8       0x7a ./Drivers/STM32F4xx_HAL_Driver/Src/stm32f4xx_hal_tim.o
 .text.TIM_TI3_SetConfig
                0x0000000008006742       0x78 ./Drivers/STM32F4xx_HAL_Driver/Src/stm32f4xx_hal_tim.o
 .text.TIM_TI4_SetConfig
                0x00000000080067ba       0x7a ./Drivers/STM32F4xx_HAL_Driver/Src/stm32f4xx_hal_tim.o
 .text.TIM_CCxChannelCmd
                0x0000000008006834       0x4a ./Drivers/STM32F4xx_HAL_Driver/Src/stm32f4xx_hal_tim.o
                0x0000000008006834                TIM_CCxChannelCmd
 *fill*         0x000000000800687e        0x2 
 .text.HAL_TIMEx_MasterConfigSynchronization
                0x0000000008006880       0xf8 ./Drivers/STM32F4xx_HAL_Driver/Src/stm32f4xx_hal_tim_ex.o
                0x0000000008006880                HAL_TIMEx_MasterConfigSynchronization
 .text.HAL_TIMEx_CommutCallback
                0x0000000008006978       0x14 ./Drivers/STM32F4xx_HAL_Driver/Src/stm32f4xx_hal_tim_ex.o
                0x0000000008006978                HAL_TIMEx_CommutCallback
 .text.HAL_TIMEx_BreakCallback
                0x000000000800698c       0x14 ./Drivers/STM32F4xx_HAL_Driver/Src/stm32f4xx_hal_tim_ex.o
                0x000000000800698c                HAL_TIMEx_BreakCallback
 .text.HAL_UART_Init
                0x00000000080069a0       0x9a ./Drivers/STM32F4xx_HAL_Driver/Src/stm32f4xx_hal_uart.o
                0x00000000080069a0                HAL_UART_Init
 .text.HAL_UART_Transmit
                0x0000000008006a3a      0x124 ./Drivers/STM32F4xx_HAL_Driver/Src/stm32f4xx_hal_uart.o
                0x0000000008006a3a                HAL_UART_Transmit
 *fill*         0x0000000008006b5e        0x2 
 .text.HAL_UART_IRQHandler
                0x0000000008006b60      0x51c ./Drivers/STM32F4xx_HAL_Driver/Src/stm32f4xx_hal_uart.o
                0x0000000008006b60                HAL_UART_IRQHandler
 .text.HAL_UART_TxCpltCallback
                0x000000000800707c       0x14 ./Drivers/STM32F4xx_HAL_Driver/Src/stm32f4xx_hal_uart.o
                0x000000000800707c                HAL_UART_TxCpltCallback
 .text.HAL_UART_RxCpltCallback
                0x0000000008007090       0x14 ./Drivers/STM32F4xx_HAL_Driver/Src/stm32f4xx_hal_uart.o
                0x0000000008007090                HAL_UART_RxCpltCallback
 .text.HAL_UART_ErrorCallback
                0x00000000080070a4       0x14 ./Drivers/STM32F4xx_HAL_Driver/Src/stm32f4xx_hal_uart.o
                0x00000000080070a4                HAL_UART_ErrorCallback
 .text.HAL_UARTEx_RxEventCallback
                0x00000000080070b8       0x18 ./Drivers/STM32F4xx_HAL_Driver/Src/stm32f4xx_hal_uart.o
                0x00000000080070b8                HAL_UARTEx_RxEventCallback
 .text.UART_WaitOnFlagUntilTimeout
                0x00000000080070d0       0xdc ./Drivers/STM32F4xx_HAL_Driver/Src/stm32f4xx_hal_uart.o
 .text.UART_EndRxTransfer
                0x00000000080071ac       0xc6 ./Drivers/STM32F4xx_HAL_Driver/Src/stm32f4xx_hal_uart.o
 .text.UART_DMAAbortOnError
                0x0000000008007272       0x28 ./Drivers/STM32F4xx_HAL_Driver/Src/stm32f4xx_hal_uart.o
 .text.UART_Transmit_IT
                0x000000000800729a       0xa0 ./Drivers/STM32F4xx_HAL_Driver/Src/stm32f4xx_hal_uart.o
 .text.UART_EndTransmit_IT
                0x000000000800733a       0x30 ./Drivers/STM32F4xx_HAL_Driver/Src/stm32f4xx_hal_uart.o
 .text.UART_Receive_IT
                0x000000000800736a      0x176 ./Drivers/STM32F4xx_HAL_Driver/Src/stm32f4xx_hal_uart.o
 .text.UART_SetConfig
                0x00000000080074e0      0x4e8 ./Drivers/STM32F4xx_HAL_Driver/Src/stm32f4xx_hal_uart.o
 .text.USB_CoreInit
                0x00000000080079c8       0xc2 ./Drivers/STM32F4xx_HAL_Driver/Src/stm32f4xx_ll_usb.o
                0x00000000080079c8                USB_CoreInit
 .text.USB_DisableGlobalInt
                0x0000000008007a8a       0x22 ./Drivers/STM32F4xx_HAL_Driver/Src/stm32f4xx_ll_usb.o
                0x0000000008007a8a                USB_DisableGlobalInt
 .text.USB_SetCurrentMode
                0x0000000008007aac       0x98 ./Drivers/STM32F4xx_HAL_Driver/Src/stm32f4xx_ll_usb.o
                0x0000000008007aac                USB_SetCurrentMode
 .text.USB_DevInit
                0x0000000008007b44      0x2c8 ./Drivers/STM32F4xx_HAL_Driver/Src/stm32f4xx_ll_usb.o
                0x0000000008007b44                USB_DevInit
 .text.USB_FlushTxFifo
                0x0000000008007e0c       0x68 ./Drivers/STM32F4xx_HAL_Driver/Src/stm32f4xx_ll_usb.o
                0x0000000008007e0c                USB_FlushTxFifo
 .text.USB_FlushRxFifo
                0x0000000008007e74       0x60 ./Drivers/STM32F4xx_HAL_Driver/Src/stm32f4xx_ll_usb.o
                0x0000000008007e74                USB_FlushRxFifo
 .text.USB_SetDevSpeed
                0x0000000008007ed4       0x32 ./Drivers/STM32F4xx_HAL_Driver/Src/stm32f4xx_ll_usb.o
                0x0000000008007ed4                USB_SetDevSpeed
 .text.USB_DevDisconnect
                0x0000000008007f06       0x42 ./Drivers/STM32F4xx_HAL_Driver/Src/stm32f4xx_ll_usb.o
                0x0000000008007f06                USB_DevDisconnect
 .text.USB_GetMode
                0x0000000008007f48       0x1c ./Drivers/STM32F4xx_HAL_Driver/Src/stm32f4xx_ll_usb.o
                0x0000000008007f48                USB_GetMode
 .text.USB_CoreReset
                0x0000000008007f64       0x68 ./Drivers/STM32F4xx_HAL_Driver/Src/stm32f4xx_ll_usb.o
 .text.std      0x0000000008007fcc       0x6c C:/ST/STM32CubeIDE_1.12.0/STM32CubeIDE/plugins/com.st.stm32cube.ide.mcu.externaltools.gnu-tools-for-stm32.11.3.rel1.win32_1.1.1.202309131626/tools/bin/../lib/gcc/arm-none-eabi/11.3.1/../../../../arm-none-eabi/lib/thumb/v7e-m+fp/hard\libc_nano.a(libc_a-findfp.o)
 .text.stdio_exit_handler
                0x0000000008008038       0x18 C:/ST/STM32CubeIDE_1.12.0/STM32CubeIDE/plugins/com.st.stm32cube.ide.mcu.externaltools.gnu-tools-for-stm32.11.3.rel1.win32_1.1.1.202309131626/tools/bin/../lib/gcc/arm-none-eabi/11.3.1/../../../../arm-none-eabi/lib/thumb/v7e-m+fp/hard\libc_nano.a(libc_a-findfp.o)
 .text.cleanup_stdio
                0x0000000008008050       0x40 C:/ST/STM32CubeIDE_1.12.0/STM32CubeIDE/plugins/com.st.stm32cube.ide.mcu.externaltools.gnu-tools-for-stm32.11.3.rel1.win32_1.1.1.202309131626/tools/bin/../lib/gcc/arm-none-eabi/11.3.1/../../../../arm-none-eabi/lib/thumb/v7e-m+fp/hard\libc_nano.a(libc_a-findfp.o)
 .text.global_stdio_init.part.0
                0x0000000008008090       0x3c C:/ST/STM32CubeIDE_1.12.0/STM32CubeIDE/plugins/com.st.stm32cube.ide.mcu.externaltools.gnu-tools-for-stm32.11.3.rel1.win32_1.1.1.202309131626/tools/bin/../lib/gcc/arm-none-eabi/11.3.1/../../../../arm-none-eabi/lib/thumb/v7e-m+fp/hard\libc_nano.a(libc_a-findfp.o)
 .text.__sfp_lock_acquire
                0x00000000080080cc        0xc C:/ST/STM32CubeIDE_1.12.0/STM32CubeIDE/plugins/com.st.stm32cube.ide.mcu.externaltools.gnu-tools-for-stm32.11.3.rel1.win32_1.1.1.202309131626/tools/bin/../lib/gcc/arm-none-eabi/11.3.1/../../../../arm-none-eabi/lib/thumb/v7e-m+fp/hard\libc_nano.a(libc_a-findfp.o)
                0x00000000080080cc                __sfp_lock_acquire
 .text.__sfp_lock_release
                0x00000000080080d8        0xc C:/ST/STM32CubeIDE_1.12.0/STM32CubeIDE/plugins/com.st.stm32cube.ide.mcu.externaltools.gnu-tools-for-stm32.11.3.rel1.win32_1.1.1.202309131626/tools/bin/../lib/gcc/arm-none-eabi/11.3.1/../../../../arm-none-eabi/lib/thumb/v7e-m+fp/hard\libc_nano.a(libc_a-findfp.o)
                0x00000000080080d8                __sfp_lock_release
 .text.__sinit  0x00000000080080e4       0x30 C:/ST/STM32CubeIDE_1.12.0/STM32CubeIDE/plugins/com.st.stm32cube.ide.mcu.externaltools.gnu-tools-for-stm32.11.3.rel1.win32_1.1.1.202309131626/tools/bin/../lib/gcc/arm-none-eabi/11.3.1/../../../../arm-none-eabi/lib/thumb/v7e-m+fp/hard\libc_nano.a(libc_a-findfp.o)
                0x00000000080080e4                __sinit
 .text._fwalk_sglue
                0x0000000008008114       0x3c C:/ST/STM32CubeIDE_1.12.0/STM32CubeIDE/plugins/com.st.stm32cube.ide.mcu.externaltools.gnu-tools-for-stm32.11.3.rel1.win32_1.1.1.202309131626/tools/bin/../lib/gcc/arm-none-eabi/11.3.1/../../../../arm-none-eabi/lib/thumb/v7e-m+fp/hard\libc_nano.a(libc_a-fwalk.o)
                0x0000000008008114                _fwalk_sglue
 .text.printf   0x0000000008008150       0x24 C:/ST/STM32CubeIDE_1.12.0/STM32CubeIDE/plugins/com.st.stm32cube.ide.mcu.externaltools.gnu-tools-for-stm32.11.3.rel1.win32_1.1.1.202309131626/tools/bin/../lib/gcc/arm-none-eabi/11.3.1/../../../../arm-none-eabi/lib/thumb/v7e-m+fp/hard\libc_nano.a(libc_a-printf.o)
                0x0000000008008150                iprintf
                0x0000000008008150                printf
 .text._puts_r  0x0000000008008174       0xa8 C:/ST/STM32CubeIDE_1.12.0/STM32CubeIDE/plugins/com.st.stm32cube.ide.mcu.externaltools.gnu-tools-for-stm32.11.3.rel1.win32_1.1.1.202309131626/tools/bin/../lib/gcc/arm-none-eabi/11.3.1/../../../../arm-none-eabi/lib/thumb/v7e-m+fp/hard\libc_nano.a(libc_a-puts.o)
                0x0000000008008174                _puts_r
 .text.puts     0x000000000800821c       0x10 C:/ST/STM32CubeIDE_1.12.0/STM32CubeIDE/plugins/com.st.stm32cube.ide.mcu.externaltools.gnu-tools-for-stm32.11.3.rel1.win32_1.1.1.202309131626/tools/bin/../lib/gcc/arm-none-eabi/11.3.1/../../../../arm-none-eabi/lib/thumb/v7e-m+fp/hard\libc_nano.a(libc_a-puts.o)
                0x000000000800821c                puts
 .text.sprintf  0x000000000800822c       0x40 C:/ST/STM32CubeIDE_1.12.0/STM32CubeIDE/plugins/com.st.stm32cube.ide.mcu.externaltools.gnu-tools-for-stm32.11.3.rel1.win32_1.1.1.202309131626/tools/bin/../lib/gcc/arm-none-eabi/11.3.1/../../../../arm-none-eabi/lib/thumb/v7e-m+fp/hard\libc_nano.a(libc_a-sprintf.o)
                0x000000000800822c                siprintf
                0x000000000800822c                sprintf
 .text.__sread  0x000000000800826c       0x22 C:/ST/STM32CubeIDE_1.12.0/STM32CubeIDE/plugins/com.st.stm32cube.ide.mcu.externaltools.gnu-tools-for-stm32.11.3.rel1.win32_1.1.1.202309131626/tools/bin/../lib/gcc/arm-none-eabi/11.3.1/../../../../arm-none-eabi/lib/thumb/v7e-m+fp/hard\libc_nano.a(libc_a-stdio.o)
                0x000000000800826c                __sread
 .text.__swrite
                0x000000000800828e       0x38 C:/ST/STM32CubeIDE_1.12.0/STM32CubeIDE/plugins/com.st.stm32cube.ide.mcu.externaltools.gnu-tools-for-stm32.11.3.rel1.win32_1.1.1.202309131626/tools/bin/../lib/gcc/arm-none-eabi/11.3.1/../../../../arm-none-eabi/lib/thumb/v7e-m+fp/hard\libc_nano.a(libc_a-stdio.o)
                0x000000000800828e                __swrite
 .text.__sseek  0x00000000080082c6       0x24 C:/ST/STM32CubeIDE_1.12.0/STM32CubeIDE/plugins/com.st.stm32cube.ide.mcu.externaltools.gnu-tools-for-stm32.11.3.rel1.win32_1.1.1.202309131626/tools/bin/../lib/gcc/arm-none-eabi/11.3.1/../../../../arm-none-eabi/lib/thumb/v7e-m+fp/hard\libc_nano.a(libc_a-stdio.o)
                0x00000000080082c6                __sseek
 .text.__sclose
                0x00000000080082ea        0x8 C:/ST/STM32CubeIDE_1.12.0/STM32CubeIDE/plugins/com.st.stm32cube.ide.mcu.externaltools.gnu-tools-for-stm32.11.3.rel1.win32_1.1.1.202309131626/tools/bin/../lib/gcc/arm-none-eabi/11.3.1/../../../../arm-none-eabi/lib/thumb/v7e-m+fp/hard\libc_nano.a(libc_a-stdio.o)
                0x00000000080082ea                __sclose
 .text.__swbuf_r
                0x00000000080082f2       0x7a C:/ST/STM32CubeIDE_1.12.0/STM32CubeIDE/plugins/com.st.stm32cube.ide.mcu.externaltools.gnu-tools-for-stm32.11.3.rel1.win32_1.1.1.202309131626/tools/bin/../lib/gcc/arm-none-eabi/11.3.1/../../../../arm-none-eabi/lib/thumb/v7e-m+fp/hard\libc_nano.a(libc_a-wbuf.o)
                0x00000000080082f2                __swbuf_r
 .text.__swsetup_r
                0x000000000800836c       0xb0 C:/ST/STM32CubeIDE_1.12.0/STM32CubeIDE/plugins/com.st.stm32cube.ide.mcu.externaltools.gnu-tools-for-stm32.11.3.rel1.win32_1.1.1.202309131626/tools/bin/../lib/gcc/arm-none-eabi/11.3.1/../../../../arm-none-eabi/lib/thumb/v7e-m+fp/hard\libc_nano.a(libc_a-wsetup.o)
                0x000000000800836c                __swsetup_r
 .text.memset   0x000000000800841c       0x10 C:/ST/STM32CubeIDE_1.12.0/STM32CubeIDE/plugins/com.st.stm32cube.ide.mcu.externaltools.gnu-tools-for-stm32.11.3.rel1.win32_1.1.1.202309131626/tools/bin/../lib/gcc/arm-none-eabi/11.3.1/../../../../arm-none-eabi/lib/thumb/v7e-m+fp/hard\libc_nano.a(libc_a-memset.o)
                0x000000000800841c                memset
 .text._close_r
                0x000000000800842c       0x20 C:/ST/STM32CubeIDE_1.12.0/STM32CubeIDE/plugins/com.st.stm32cube.ide.mcu.externaltools.gnu-tools-for-stm32.11.3.rel1.win32_1.1.1.202309131626/tools/bin/../lib/gcc/arm-none-eabi/11.3.1/../../../../arm-none-eabi/lib/thumb/v7e-m+fp/hard\libc_nano.a(libc_a-closer.o)
                0x000000000800842c                _close_r
 .text._lseek_r
                0x000000000800844c       0x24 C:/ST/STM32CubeIDE_1.12.0/STM32CubeIDE/plugins/com.st.stm32cube.ide.mcu.externaltools.gnu-tools-for-stm32.11.3.rel1.win32_1.1.1.202309131626/tools/bin/../lib/gcc/arm-none-eabi/11.3.1/../../../../arm-none-eabi/lib/thumb/v7e-m+fp/hard\libc_nano.a(libc_a-lseekr.o)
                0x000000000800844c                _lseek_r
 .text._read_r  0x0000000008008470       0x24 C:/ST/STM32CubeIDE_1.12.0/STM32CubeIDE/plugins/com.st.stm32cube.ide.mcu.externaltools.gnu-tools-for-stm32.11.3.rel1.win32_1.1.1.202309131626/tools/bin/../lib/gcc/arm-none-eabi/11.3.1/../../../../arm-none-eabi/lib/thumb/v7e-m+fp/hard\libc_nano.a(libc_a-readr.o)
                0x0000000008008470                _read_r
 .text._write_r
                0x0000000008008494       0x24 C:/ST/STM32CubeIDE_1.12.0/STM32CubeIDE/plugins/com.st.stm32cube.ide.mcu.externaltools.gnu-tools-for-stm32.11.3.rel1.win32_1.1.1.202309131626/tools/bin/../lib/gcc/arm-none-eabi/11.3.1/../../../../arm-none-eabi/lib/thumb/v7e-m+fp/hard\libc_nano.a(libc_a-writer.o)
                0x0000000008008494                _write_r
 .text.__errno  0x00000000080084b8        0xc C:/ST/STM32CubeIDE_1.12.0/STM32CubeIDE/plugins/com.st.stm32cube.ide.mcu.externaltools.gnu-tools-for-stm32.11.3.rel1.win32_1.1.1.202309131626/tools/bin/../lib/gcc/arm-none-eabi/11.3.1/../../../../arm-none-eabi/lib/thumb/v7e-m+fp/hard\libc_nano.a(libc_a-errno.o)
                0x00000000080084b8                __errno
 .text.__libc_init_array
                0x00000000080084c4       0x48 C:/ST/STM32CubeIDE_1.12.0/STM32CubeIDE/plugins/com.st.stm32cube.ide.mcu.externaltools.gnu-tools-for-stm32.11.3.rel1.win32_1.1.1.202309131626/tools/bin/../lib/gcc/arm-none-eabi/11.3.1/../../../../arm-none-eabi/lib/thumb/v7e-m+fp/hard\libc_nano.a(libc_a-init.o)
                0x00000000080084c4                __libc_init_array
 .text.__retarget_lock_init_recursive
                0x000000000800850c        0x2 C:/ST/STM32CubeIDE_1.12.0/STM32CubeIDE/plugins/com.st.stm32cube.ide.mcu.externaltools.gnu-tools-for-stm32.11.3.rel1.win32_1.1.1.202309131626/tools/bin/../lib/gcc/arm-none-eabi/11.3.1/../../../../arm-none-eabi/lib/thumb/v7e-m+fp/hard\libc_nano.a(libc_a-lock.o)
                0x000000000800850c                __retarget_lock_init_recursive
 .text.__retarget_lock_acquire_recursive
                0x000000000800850e        0x2 C:/ST/STM32CubeIDE_1.12.0/STM32CubeIDE/plugins/com.st.stm32cube.ide.mcu.externaltools.gnu-tools-for-stm32.11.3.rel1.win32_1.1.1.202309131626/tools/bin/../lib/gcc/arm-none-eabi/11.3.1/../../../../arm-none-eabi/lib/thumb/v7e-m+fp/hard\libc_nano.a(libc_a-lock.o)
                0x000000000800850e                __retarget_lock_acquire_recursive
 .text.__retarget_lock_release_recursive
                0x0000000008008510        0x2 C:/ST/STM32CubeIDE_1.12.0/STM32CubeIDE/plugins/com.st.stm32cube.ide.mcu.externaltools.gnu-tools-for-stm32.11.3.rel1.win32_1.1.1.202309131626/tools/bin/../lib/gcc/arm-none-eabi/11.3.1/../../../../arm-none-eabi/lib/thumb/v7e-m+fp/hard\libc_nano.a(libc_a-lock.o)
                0x0000000008008510                __retarget_lock_release_recursive
 *fill*         0x0000000008008512        0x2 
 .text._free_r  0x0000000008008514       0x98 C:/ST/STM32CubeIDE_1.12.0/STM32CubeIDE/plugins/com.st.stm32cube.ide.mcu.externaltools.gnu-tools-for-stm32.11.3.rel1.win32_1.1.1.202309131626/tools/bin/../lib/gcc/arm-none-eabi/11.3.1/../../../../arm-none-eabi/lib/thumb/v7e-m+fp/hard\libc_nano.a(libc_a-freer.o)
                0x0000000008008514                _free_r
 .text.sbrk_aligned
                0x00000000080085ac       0x40 C:/ST/STM32CubeIDE_1.12.0/STM32CubeIDE/plugins/com.st.stm32cube.ide.mcu.externaltools.gnu-tools-for-stm32.11.3.rel1.win32_1.1.1.202309131626/tools/bin/../lib/gcc/arm-none-eabi/11.3.1/../../../../arm-none-eabi/lib/thumb/v7e-m+fp/hard\libc_nano.a(libc_a-mallocr.o)
 .text._malloc_r
                0x00000000080085ec      0x100 C:/ST/STM32CubeIDE_1.12.0/STM32CubeIDE/plugins/com.st.stm32cube.ide.mcu.externaltools.gnu-tools-for-stm32.11.3.rel1.win32_1.1.1.202309131626/tools/bin/../lib/gcc/arm-none-eabi/11.3.1/../../../../arm-none-eabi/lib/thumb/v7e-m+fp/hard\libc_nano.a(libc_a-mallocr.o)
                0x00000000080085ec                _malloc_r
 .text.__malloc_lock
                0x00000000080086ec        0xc C:/ST/STM32CubeIDE_1.12.0/STM32CubeIDE/plugins/com.st.stm32cube.ide.mcu.externaltools.gnu-tools-for-stm32.11.3.rel1.win32_1.1.1.202309131626/tools/bin/../lib/gcc/arm-none-eabi/11.3.1/../../../../arm-none-eabi/lib/thumb/v7e-m+fp/hard\libc_nano.a(libc_a-mlock.o)
                0x00000000080086ec                __malloc_lock
 .text.__malloc_unlock
                0x00000000080086f8        0xc C:/ST/STM32CubeIDE_1.12.0/STM32CubeIDE/plugins/com.st.stm32cube.ide.mcu.externaltools.gnu-tools-for-stm32.11.3.rel1.win32_1.1.1.202309131626/tools/bin/../lib/gcc/arm-none-eabi/11.3.1/../../../../arm-none-eabi/lib/thumb/v7e-m+fp/hard\libc_nano.a(libc_a-mlock.o)
                0x00000000080086f8                __malloc_unlock
 .text.__ssputs_r
                0x0000000008008704       0xb4 C:/ST/STM32CubeIDE_1.12.0/STM32CubeIDE/plugins/com.st.stm32cube.ide.mcu.externaltools.gnu-tools-for-stm32.11.3.rel1.win32_1.1.1.202309131626/tools/bin/../lib/gcc/arm-none-eabi/11.3.1/../../../../arm-none-eabi/lib/thumb/v7e-m+fp/hard\libc_nano.a(libc_a-nano-svfprintf.o)
                0x0000000008008704                __ssputs_r
 .text._svfprintf_r
                0x00000000080087b8      0x1fc C:/ST/STM32CubeIDE_1.12.0/STM32CubeIDE/plugins/com.st.stm32cube.ide.mcu.externaltools.gnu-tools-for-stm32.11.3.rel1.win32_1.1.1.202309131626/tools/bin/../lib/gcc/arm-none-eabi/11.3.1/../../../../arm-none-eabi/lib/thumb/v7e-m+fp/hard\libc_nano.a(libc_a-nano-svfprintf.o)
                0x00000000080087b8                _svfiprintf_r
                0x00000000080087b8                _svfprintf_r
 .text.__sfputc_r
                0x00000000080089b4       0x2e C:/ST/STM32CubeIDE_1.12.0/STM32CubeIDE/plugins/com.st.stm32cube.ide.mcu.externaltools.gnu-tools-for-stm32.11.3.rel1.win32_1.1.1.202309131626/tools/bin/../lib/gcc/arm-none-eabi/11.3.1/../../../../arm-none-eabi/lib/thumb/v7e-m+fp/hard\libc_nano.a(libc_a-nano-vfprintf.o)
 .text.__sfputs_r
                0x00000000080089e2       0x24 C:/ST/STM32CubeIDE_1.12.0/STM32CubeIDE/plugins/com.st.stm32cube.ide.mcu.externaltools.gnu-tools-for-stm32.11.3.rel1.win32_1.1.1.202309131626/tools/bin/../lib/gcc/arm-none-eabi/11.3.1/../../../../arm-none-eabi/lib/thumb/v7e-m+fp/hard\libc_nano.a(libc_a-nano-vfprintf.o)
                0x00000000080089e2                __sfputs_r
 *fill*         0x0000000008008a06        0x2 
 .text._vfprintf_r
                0x0000000008008a08      0x234 C:/ST/STM32CubeIDE_1.12.0/STM32CubeIDE/plugins/com.st.stm32cube.ide.mcu.externaltools.gnu-tools-for-stm32.11.3.rel1.win32_1.1.1.202309131626/tools/bin/../lib/gcc/arm-none-eabi/11.3.1/../../../../arm-none-eabi/lib/thumb/v7e-m+fp/hard\libc_nano.a(libc_a-nano-vfprintf.o)
                0x0000000008008a08                _vfprintf_r
                0x0000000008008a08                _vfiprintf_r
 .text._printf_common
                0x0000000008008c3c       0xda C:/ST/STM32CubeIDE_1.12.0/STM32CubeIDE/plugins/com.st.stm32cube.ide.mcu.externaltools.gnu-tools-for-stm32.11.3.rel1.win32_1.1.1.202309131626/tools/bin/../lib/gcc/arm-none-eabi/11.3.1/../../../../arm-none-eabi/lib/thumb/v7e-m+fp/hard\libc_nano.a(libc_a-nano-vfprintf_i.o)
                0x0000000008008c3c                _printf_common
 *fill*         0x0000000008008d16        0x2 
 .text._printf_i
                0x0000000008008d18      0x244 C:/ST/STM32CubeIDE_1.12.0/STM32CubeIDE/plugins/com.st.stm32cube.ide.mcu.externaltools.gnu-tools-for-stm32.11.3.rel1.win32_1.1.1.202309131626/tools/bin/../lib/gcc/arm-none-eabi/11.3.1/../../../../arm-none-eabi/lib/thumb/v7e-m+fp/hard\libc_nano.a(libc_a-nano-vfprintf_i.o)
                0x0000000008008d18                _printf_i
 .text.__sflush_r
                0x0000000008008f5c      0x10c C:/ST/STM32CubeIDE_1.12.0/STM32CubeIDE/plugins/com.st.stm32cube.ide.mcu.externaltools.gnu-tools-for-stm32.11.3.rel1.win32_1.1.1.202309131626/tools/bin/../lib/gcc/arm-none-eabi/11.3.1/../../../../arm-none-eabi/lib/thumb/v7e-m+fp/hard\libc_nano.a(libc_a-fflush.o)
                0x0000000008008f5c                __sflush_r
 .text._fflush_r
                0x0000000008009068       0x50 C:/ST/STM32CubeIDE_1.12.0/STM32CubeIDE/plugins/com.st.stm32cube.ide.mcu.externaltools.gnu-tools-for-stm32.11.3.rel1.win32_1.1.1.202309131626/tools/bin/../lib/gcc/arm-none-eabi/11.3.1/../../../../arm-none-eabi/lib/thumb/v7e-m+fp/hard\libc_nano.a(libc_a-fflush.o)
                0x0000000008009068                _fflush_r
 .text.__swhatbuf_r
                0x00000000080090b8       0x4c C:/ST/STM32CubeIDE_1.12.0/STM32CubeIDE/plugins/com.st.stm32cube.ide.mcu.externaltools.gnu-tools-for-stm32.11.3.rel1.win32_1.1.1.202309131626/tools/bin/../lib/gcc/arm-none-eabi/11.3.1/../../../../arm-none-eabi/lib/thumb/v7e-m+fp/hard\libc_nano.a(libc_a-makebuf.o)
                0x00000000080090b8                __swhatbuf_r
 .text.__smakebuf_r
                0x0000000008009104       0x78 C:/ST/STM32CubeIDE_1.12.0/STM32CubeIDE/plugins/com.st.stm32cube.ide.mcu.externaltools.gnu-tools-for-stm32.11.3.rel1.win32_1.1.1.202309131626/tools/bin/../lib/gcc/arm-none-eabi/11.3.1/../../../../arm-none-eabi/lib/thumb/v7e-m+fp/hard\libc_nano.a(libc_a-makebuf.o)
                0x0000000008009104                __smakebuf_r
 .text.memmove  0x000000000800917c       0x34 C:/ST/STM32CubeIDE_1.12.0/STM32CubeIDE/plugins/com.st.stm32cube.ide.mcu.externaltools.gnu-tools-for-stm32.11.3.rel1.win32_1.1.1.202309131626/tools/bin/../lib/gcc/arm-none-eabi/11.3.1/../../../../arm-none-eabi/lib/thumb/v7e-m+fp/hard\libc_nano.a(libc_a-memmove.o)
                0x000000000800917c                memmove
 .text._fstat_r
                0x00000000080091b0       0x24 C:/ST/STM32CubeIDE_1.12.0/STM32CubeIDE/plugins/com.st.stm32cube.ide.mcu.externaltools.gnu-tools-for-stm32.11.3.rel1.win32_1.1.1.202309131626/tools/bin/../lib/gcc/arm-none-eabi/11.3.1/../../../../arm-none-eabi/lib/thumb/v7e-m+fp/hard\libc_nano.a(libc_a-fstatr.o)
                0x00000000080091b0                _fstat_r
 .text._isatty_r
                0x00000000080091d4       0x20 C:/ST/STM32CubeIDE_1.12.0/STM32CubeIDE/plugins/com.st.stm32cube.ide.mcu.externaltools.gnu-tools-for-stm32.11.3.rel1.win32_1.1.1.202309131626/tools/bin/../lib/gcc/arm-none-eabi/11.3.1/../../../../arm-none-eabi/lib/thumb/v7e-m+fp/hard\libc_nano.a(libc_a-isattyr.o)
                0x00000000080091d4                _isatty_r
 .text._sbrk_r  0x00000000080091f4       0x20 C:/ST/STM32CubeIDE_1.12.0/STM32CubeIDE/plugins/com.st.stm32cube.ide.mcu.externaltools.gnu-tools-for-stm32.11.3.rel1.win32_1.1.1.202309131626/tools/bin/../lib/gcc/arm-none-eabi/11.3.1/../../../../arm-none-eabi/lib/thumb/v7e-m+fp/hard\libc_nano.a(libc_a-sbrkr.o)
                0x00000000080091f4                _sbrk_r
 .text.memcpy   0x0000000008009214       0x1c C:/ST/STM32CubeIDE_1.12.0/STM32CubeIDE/plugins/com.st.stm32cube.ide.mcu.externaltools.gnu-tools-for-stm32.11.3.rel1.win32_1.1.1.202309131626/tools/bin/../lib/gcc/arm-none-eabi/11.3.1/../../../../arm-none-eabi/lib/thumb/v7e-m+fp/hard\libc_nano.a(libc_a-memcpy-stub.o)
                0x0000000008009214                memcpy
 .text._realloc_r
                0x0000000008009230       0x5e C:/ST/STM32CubeIDE_1.12.0/STM32CubeIDE/plugins/com.st.stm32cube.ide.mcu.externaltools.gnu-tools-for-stm32.11.3.rel1.win32_1.1.1.202309131626/tools/bin/../lib/gcc/arm-none-eabi/11.3.1/../../../../arm-none-eabi/lib/thumb/v7e-m+fp/hard\libc_nano.a(libc_a-reallocr.o)
                0x0000000008009230                _realloc_r
 .text._malloc_usable_size_r
                0x000000000800928e       0x10 C:/ST/STM32CubeIDE_1.12.0/STM32CubeIDE/plugins/com.st.stm32cube.ide.mcu.externaltools.gnu-tools-for-stm32.11.3.rel1.win32_1.1.1.202309131626/tools/bin/../lib/gcc/arm-none-eabi/11.3.1/../../../../arm-none-eabi/lib/thumb/v7e-m+fp/hard\libc_nano.a(libc_a-msizer.o)
                0x000000000800928e                _malloc_usable_size_r
 *(.glue_7)
 .glue_7        0x000000000800929e        0x0 linker stubs
 *(.glue_7t)
 .glue_7t       0x000000000800929e        0x0 linker stubs
 *(.eh_frame)
 *fill*         0x000000000800929e        0x2 
 .eh_frame      0x00000000080092a0        0x0 C:/ST/STM32CubeIDE_1.12.0/STM32CubeIDE/plugins/com.st.stm32cube.ide.mcu.externaltools.gnu-tools-for-stm32.11.3.rel1.win32_1.1.1.202309131626/tools/bin/../lib/gcc/arm-none-eabi/11.3.1/thumb/v7e-m+fp/hard/crtbegin.o
 *(.init)
 .init          0x00000000080092a0        0x4 C:/ST/STM32CubeIDE_1.12.0/STM32CubeIDE/plugins/com.st.stm32cube.ide.mcu.externaltools.gnu-tools-for-stm32.11.3.rel1.win32_1.1.1.202309131626/tools/bin/../lib/gcc/arm-none-eabi/11.3.1/thumb/v7e-m+fp/hard/crti.o
                0x00000000080092a0                _init
 .init          0x00000000080092a4        0x8 C:/ST/STM32CubeIDE_1.12.0/STM32CubeIDE/plugins/com.st.stm32cube.ide.mcu.externaltools.gnu-tools-for-stm32.11.3.rel1.win32_1.1.1.202309131626/tools/bin/../lib/gcc/arm-none-eabi/11.3.1/thumb/v7e-m+fp/hard/crtn.o
 *(.fini)
 .fini          0x00000000080092ac        0x4 C:/ST/STM32CubeIDE_1.12.0/STM32CubeIDE/plugins/com.st.stm32cube.ide.mcu.externaltools.gnu-tools-for-stm32.11.3.rel1.win32_1.1.1.202309131626/tools/bin/../lib/gcc/arm-none-eabi/11.3.1/thumb/v7e-m+fp/hard/crti.o
                0x00000000080092ac                _fini
 .fini          0x00000000080092b0        0x8 C:/ST/STM32CubeIDE_1.12.0/STM32CubeIDE/plugins/com.st.stm32cube.ide.mcu.externaltools.gnu-tools-for-stm32.11.3.rel1.win32_1.1.1.202309131626/tools/bin/../lib/gcc/arm-none-eabi/11.3.1/thumb/v7e-m+fp/hard/crtn.o
                0x00000000080092b8                . = ALIGN (0x4)
                0x00000000080092b8                _etext = .

.vfp11_veneer   0x00000000080092b8        0x0
 .vfp11_veneer  0x00000000080092b8        0x0 linker stubs

.v4_bx          0x00000000080092b8        0x0
 .v4_bx         0x00000000080092b8        0x0 linker stubs

.iplt           0x00000000080092b8        0x0
 .iplt          0x00000000080092b8        0x0 C:/ST/STM32CubeIDE_1.12.0/STM32CubeIDE/plugins/com.st.stm32cube.ide.mcu.externaltools.gnu-tools-for-stm32.11.3.rel1.win32_1.1.1.202309131626/tools/bin/../lib/gcc/arm-none-eabi/11.3.1/thumb/v7e-m+fp/hard/crtbegin.o

.rodata         0x00000000080092b8      0x1f0
                0x00000000080092b8                . = ALIGN (0x4)
 *(.rodata)
 .rodata        0x00000000080092b8       0xc7 ./Core/Src/i2c_lcd.o
 *fill*         0x000000000800937f        0x1 
 .rodata        0x0000000008009380        0x9 ./Core/Src/main.o
 *fill*         0x0000000008009389        0x3 
 .rodata        0x000000000800938c       0xaf ./Core/Src/washer.o
 *fill*         0x000000000800943b        0x1 
 .rodata        0x000000000800943c       0x1e ./Core/Src/washer_ultrasonic.o
 *(.rodata*)
 *fill*         0x000000000800945a        0x2 
 .rodata.AHBPrescTable
                0x000000000800945c       0x10 ./Core/Src/system_stm32f4xx.o
                0x000000000800945c                AHBPrescTable
 .rodata.APBPrescTable
                0x000000000800946c        0x8 ./Core/Src/system_stm32f4xx.o
                0x000000000800946c                APBPrescTable
 .rodata._svfprintf_r.str1.1
                0x0000000008009474       0x11 C:/ST/STM32CubeIDE_1.12.0/STM32CubeIDE/plugins/com.st.stm32cube.ide.mcu.externaltools.gnu-tools-for-stm32.11.3.rel1.win32_1.1.1.202309131626/tools/bin/../lib/gcc/arm-none-eabi/11.3.1/../../../../arm-none-eabi/lib/thumb/v7e-m+fp/hard\libc_nano.a(libc_a-nano-svfprintf.o)
 .rodata._vfprintf_r.str1.1
                0x0000000008009485       0x11 C:/ST/STM32CubeIDE_1.12.0/STM32CubeIDE/plugins/com.st.stm32cube.ide.mcu.externaltools.gnu-tools-for-stm32.11.3.rel1.win32_1.1.1.202309131626/tools/bin/../lib/gcc/arm-none-eabi/11.3.1/../../../../arm-none-eabi/lib/thumb/v7e-m+fp/hard\libc_nano.a(libc_a-nano-vfprintf.o)
 .rodata._printf_i.str1.1
                0x0000000008009485       0x22 C:/ST/STM32CubeIDE_1.12.0/STM32CubeIDE/plugins/com.st.stm32cube.ide.mcu.externaltools.gnu-tools-for-stm32.11.3.rel1.win32_1.1.1.202309131626/tools/bin/../lib/gcc/arm-none-eabi/11.3.1/../../../../arm-none-eabi/lib/thumb/v7e-m+fp/hard\libc_nano.a(libc_a-nano-vfprintf_i.o)
                0x00000000080094a8                . = ALIGN (0x4)
 *fill*         0x00000000080094a7        0x1 

.ARM.extab      0x00000000080094a8        0x0
                0x00000000080094a8                . = ALIGN (0x4)
 *(.ARM.extab* .gnu.linkonce.armextab.*)
                0x00000000080094a8                . = ALIGN (0x4)

.ARM            0x00000000080094a8        0x8
                0x00000000080094a8                . = ALIGN (0x4)
                0x00000000080094a8                __exidx_start = .
 *(.ARM.exidx*)
 .ARM.exidx     0x00000000080094a8        0x8 C:/ST/STM32CubeIDE_1.12.0/STM32CubeIDE/plugins/com.st.stm32cube.ide.mcu.externaltools.gnu-tools-for-stm32.11.3.rel1.win32_1.1.1.202309131626/tools/bin/../lib/gcc/arm-none-eabi/11.3.1/thumb/v7e-m+fp/hard\libgcc.a(_udivmoddi4.o)
                0x00000000080094b0                __exidx_end = .
                0x00000000080094b0                . = ALIGN (0x4)

.rel.dyn        0x00000000080094b0        0x0
 .rel.iplt      0x00000000080094b0        0x0 C:/ST/STM32CubeIDE_1.12.0/STM32CubeIDE/plugins/com.st.stm32cube.ide.mcu.externaltools.gnu-tools-for-stm32.11.3.rel1.win32_1.1.1.202309131626/tools/bin/../lib/gcc/arm-none-eabi/11.3.1/thumb/v7e-m+fp/hard/crtbegin.o

.preinit_array  0x00000000080094b0        0x0
                0x00000000080094b0                . = ALIGN (0x4)
                0x00000000080094b0                PROVIDE (__preinit_array_start = .)
 *(.preinit_array*)
                0x00000000080094b0                PROVIDE (__preinit_array_end = .)
                0x00000000080094b0                . = ALIGN (0x4)

.init_array     0x00000000080094b0        0x4
                0x00000000080094b0                . = ALIGN (0x4)
                0x00000000080094b0                PROVIDE (__init_array_start = .)
 *(SORT_BY_NAME(.init_array.*))
 *(.init_array*)
 .init_array    0x00000000080094b0        0x4 C:/ST/STM32CubeIDE_1.12.0/STM32CubeIDE/plugins/com.st.stm32cube.ide.mcu.externaltools.gnu-tools-for-stm32.11.3.rel1.win32_1.1.1.202309131626/tools/bin/../lib/gcc/arm-none-eabi/11.3.1/thumb/v7e-m+fp/hard/crtbegin.o
                0x00000000080094b4                PROVIDE (__init_array_end = .)
                0x00000000080094b4                . = ALIGN (0x4)

.fini_array     0x00000000080094b4        0x4
                0x00000000080094b4                . = ALIGN (0x4)
                [!provide]                        PROVIDE (__fini_array_start = .)
 *(SORT_BY_NAME(.fini_array.*))
 *(.fini_array*)
 .fini_array    0x00000000080094b4        0x4 C:/ST/STM32CubeIDE_1.12.0/STM32CubeIDE/plugins/com.st.stm32cube.ide.mcu.externaltools.gnu-tools-for-stm32.11.3.rel1.win32_1.1.1.202309131626/tools/bin/../lib/gcc/arm-none-eabi/11.3.1/thumb/v7e-m+fp/hard/crtbegin.o
                [!provide]                        PROVIDE (__fini_array_end = .)
                0x00000000080094b8                . = ALIGN (0x4)
                0x00000000080094b8                _sidata = LOADADDR (.data)

.data           0x0000000020000000      0x194 load address 0x00000000080094b8
                0x0000000020000000                . = ALIGN (0x4)
                0x0000000020000000                _sdata = .
 *(.data)
 *(.data*)
 .data.mode_complete_note
                0x0000000020000000       0x70 ./Core/Src/buzzer.o
                0x0000000020000000                mode_complete_note
 .data.mode_complete_rythm
                0x0000000020000070       0x70 ./Core/Src/buzzer.o
                0x0000000020000070                mode_complete_rythm
 .data.FND_digit
                0x00000000200000e0        0x8 ./Core/Src/fnd4dight.o
                0x00000000200000e0                FND_digit
 .data.FND_font
                0x00000000200000e8       0x28 ./Core/Src/fnd4dight.o
                0x00000000200000e8                FND_font
 .data.SystemCoreClock
                0x0000000020000110        0x4 ./Core/Src/system_stm32f4xx.o
                0x0000000020000110                SystemCoreClock
 .data.mode     0x0000000020000114       0x14 ./Core/Src/washer.o
                0x0000000020000114                mode
 .data.button_status
                0x0000000020000128        0x5 ./Core/Src/washer_button.o
                0x0000000020000128                button_status
 *fill*         0x000000002000012d        0x3 
 .data.uwTickPrio
                0x0000000020000130        0x4 ./Drivers/STM32F4xx_HAL_Driver/Src/stm32f4xx_hal.o
                0x0000000020000130                uwTickPrio
 .data.uwTickFreq
                0x0000000020000134        0x1 ./Drivers/STM32F4xx_HAL_Driver/Src/stm32f4xx_hal.o
                0x0000000020000134                uwTickFreq
 *fill*         0x0000000020000135        0x3 
 .data.__sglue  0x0000000020000138        0xc C:/ST/STM32CubeIDE_1.12.0/STM32CubeIDE/plugins/com.st.stm32cube.ide.mcu.externaltools.gnu-tools-for-stm32.11.3.rel1.win32_1.1.1.202309131626/tools/bin/../lib/gcc/arm-none-eabi/11.3.1/../../../../arm-none-eabi/lib/thumb/v7e-m+fp/hard\libc_nano.a(libc_a-findfp.o)
                0x0000000020000138                __sglue
 .data._impure_data
                0x0000000020000144       0x4c C:/ST/STM32CubeIDE_1.12.0/STM32CubeIDE/plugins/com.st.stm32cube.ide.mcu.externaltools.gnu-tools-for-stm32.11.3.rel1.win32_1.1.1.202309131626/tools/bin/../lib/gcc/arm-none-eabi/11.3.1/../../../../arm-none-eabi/lib/thumb/v7e-m+fp/hard\libc_nano.a(libc_a-impure.o)
                0x0000000020000144                _impure_data
 .data._impure_ptr
                0x0000000020000190        0x4 C:/ST/STM32CubeIDE_1.12.0/STM32CubeIDE/plugins/com.st.stm32cube.ide.mcu.externaltools.gnu-tools-for-stm32.11.3.rel1.win32_1.1.1.202309131626/tools/bin/../lib/gcc/arm-none-eabi/11.3.1/../../../../arm-none-eabi/lib/thumb/v7e-m+fp/hard\libc_nano.a(libc_a-impure.o)
                0x0000000020000190                _impure_ptr
 *(.RamFunc)
 *(.RamFunc*)
                0x0000000020000194                . = ALIGN (0x4)
                0x0000000020000194                _edata = .
                0x000000000800964c                _siccmram = LOADADDR (.ccmram)

.igot.plt       0x0000000020000194        0x0 load address 0x000000000800964c
 .igot.plt      0x0000000020000194        0x0 C:/ST/STM32CubeIDE_1.12.0/STM32CubeIDE/plugins/com.st.stm32cube.ide.mcu.externaltools.gnu-tools-for-stm32.11.3.rel1.win32_1.1.1.202309131626/tools/bin/../lib/gcc/arm-none-eabi/11.3.1/thumb/v7e-m+fp/hard/crtbegin.o

.ccmram         0x0000000010000000        0x0 load address 0x000000000800964c
                0x0000000010000000                . = ALIGN (0x4)
                0x0000000010000000                _sccmram = .
 *(.ccmram)
 *(.ccmram*)
                0x0000000010000000                . = ALIGN (0x4)
                0x0000000010000000                _eccmram = .
                0x0000000010000000                . = ALIGN (0x4)

.bss            0x0000000020000194      0xb04
                0x0000000020000194                _sbss = .
                0x0000000020000194                __bss_start__ = _sbss
 *(.bss)
 .bss           0x0000000020000194       0x1c C:/ST/STM32CubeIDE_1.12.0/STM32CubeIDE/plugins/com.st.stm32cube.ide.mcu.externaltools.gnu-tools-for-stm32.11.3.rel1.win32_1.1.1.202309131626/tools/bin/../lib/gcc/arm-none-eabi/11.3.1/thumb/v7e-m+fp/hard/crtbegin.o
 *(.bss*)
 .bss.FND       0x00000000200001b0        0x8 ./Core/Src/fnd4dight.o
                0x00000000200001b0                FND
 .bss.i.0       0x00000000200001b8        0x4 ./Core/Src/fnd4dight.o
 .bss.TxConfig  0x00000000200001bc       0x38 ./Core/Src/main.o
                0x00000000200001bc                TxConfig
 .bss.DMARxDscrTab
                0x00000000200001f4       0xa0 ./Core/Src/main.o
                0x00000000200001f4                DMARxDscrTab
 .bss.DMATxDscrTab
                0x0000000020000294       0xa0 ./Core/Src/main.o
                0x0000000020000294                DMATxDscrTab
 .bss.heth      0x0000000020000334       0xb0 ./Core/Src/main.o
                0x0000000020000334                heth
 .bss.hi2c1     0x00000000200003e4       0x54 ./Core/Src/main.o
                0x00000000200003e4                hi2c1
 .bss.htim3     0x0000000020000438       0x48 ./Core/Src/main.o
                0x0000000020000438                htim3
 .bss.htim4     0x0000000020000480       0x48 ./Core/Src/main.o
                0x0000000020000480                htim4
 .bss.htim5     0x00000000200004c8       0x48 ./Core/Src/main.o
                0x00000000200004c8                htim5
 .bss.htim10    0x0000000020000510       0x48 ./Core/Src/main.o
                0x0000000020000510                htim10
 .bss.htim11    0x0000000020000558       0x48 ./Core/Src/main.o
                0x0000000020000558                htim11
 .bss.huart3    0x00000000200005a0       0x44 ./Core/Src/main.o
                0x00000000200005a0                huart3
 .bss.hpcd_USB_OTG_FS
                0x00000000200005e4      0x50c ./Core/Src/main.o
                0x00000000200005e4                hpcd_USB_OTG_FS
 .bss.t1ms_counter
                0x0000000020000af0        0x4 ./Core/Src/main.o
                0x0000000020000af0                t1ms_counter
 .bss.TIM10_10ms_counter
                0x0000000020000af4        0x4 ./Core/Src/main.o
                0x0000000020000af4                TIM10_10ms_counter
 .bss.TIM10_10ms_ultrasonic
                0x0000000020000af8        0x4 ./Core/Src/main.o
                0x0000000020000af8                TIM10_10ms_ultrasonic
 .bss.MACAddr.0
                0x0000000020000afc        0x6 ./Core/Src/main.o
 *fill*         0x0000000020000b02        0x2 
 .bss.__sbrk_heap_end
                0x0000000020000b04        0x4 ./Core/Src/sysmem.o
 .bss.auto_manual_flag
                0x0000000020000b08        0x4 ./Core/Src/washer.o
                0x0000000020000b08                auto_manual_flag
 .bss.stop_start_flag
                0x0000000020000b0c        0x4 ./Core/Src/washer.o
                0x0000000020000b0c                stop_start_flag
 .bss.wash_rinse_dry_flag
                0x0000000020000b10        0x4 ./Core/Src/washer.o
                0x0000000020000b10                wash_rinse_dry_flag
 .bss.mode_flag
                0x0000000020000b14        0x4 ./Core/Src/washer.o
                0x0000000020000b14                mode_flag
 .bss.run_time  0x0000000020000b18        0x4 ./Core/Src/washer.o
                0x0000000020000b18                run_time
 .bss.wash_strength
                0x0000000020000b1c        0x4 ./Core/Src/washer.o
                0x0000000020000b1c                wash_strength
 .bss.rinse_time
                0x0000000020000b20        0x4 ./Core/Src/washer.o
                0x0000000020000b20                rinse_time
 .bss.dry_strength
                0x0000000020000b24        0x4 ./Core/Src/washer.o
                0x0000000020000b24                dry_strength
 .bss.CCR_Value
                0x0000000020000b28        0x2 ./Core/Src/washer_dcmotor.o
                0x0000000020000b28                CCR_Value
 *fill*         0x0000000020000b2a        0x2 
 .bss.wash_duration
                0x0000000020000b2c        0x4 ./Core/Src/washer_time.o
                0x0000000020000b2c                wash_duration
 .bss.rinse_duration
                0x0000000020000b30        0x4 ./Core/Src/washer_time.o
                0x0000000020000b30                rinse_duration
 .bss.dry_duration
                0x0000000020000b34        0x4 ./Core/Src/washer_time.o
                0x0000000020000b34                dry_duration
 .bss.distance  0x0000000020000b38        0x4 ./Core/Src/washer_ultrasonic.o
                0x0000000020000b38                distance
 .bss.ic_cpt_finish_flag
                0x0000000020000b3c        0x4 ./Core/Src/washer_ultrasonic.o
                0x0000000020000b3c                ic_cpt_finish_flag
 .bss.water_level
                0x0000000020000b40        0x4 ./Core/Src/washer_ultrasonic.o
                0x0000000020000b40                water_level
 .bss.is_first_capture
                0x0000000020000b44        0x1 ./Core/Src/washer_ultrasonic.o
                0x0000000020000b44                is_first_capture
 *fill*         0x0000000020000b45        0x3 
 .bss.uwTick    0x0000000020000b48        0x4 ./Drivers/STM32F4xx_HAL_Driver/Src/stm32f4xx_hal.o
                0x0000000020000b48                uwTick
 .bss.__sf      0x0000000020000b4c      0x138 C:/ST/STM32CubeIDE_1.12.0/STM32CubeIDE/plugins/com.st.stm32cube.ide.mcu.externaltools.gnu-tools-for-stm32.11.3.rel1.win32_1.1.1.202309131626/tools/bin/../lib/gcc/arm-none-eabi/11.3.1/../../../../arm-none-eabi/lib/thumb/v7e-m+fp/hard\libc_nano.a(libc_a-findfp.o)
                0x0000000020000b4c                __sf
 .bss.__stdio_exit_handler
                0x0000000020000c84        0x4 C:/ST/STM32CubeIDE_1.12.0/STM32CubeIDE/plugins/com.st.stm32cube.ide.mcu.externaltools.gnu-tools-for-stm32.11.3.rel1.win32_1.1.1.202309131626/tools/bin/../lib/gcc/arm-none-eabi/11.3.1/../../../../arm-none-eabi/lib/thumb/v7e-m+fp/hard\libc_nano.a(libc_a-findfp.o)
                0x0000000020000c84                __stdio_exit_handler
 .bss.errno     0x0000000020000c88        0x4 C:/ST/STM32CubeIDE_1.12.0/STM32CubeIDE/plugins/com.st.stm32cube.ide.mcu.externaltools.gnu-tools-for-stm32.11.3.rel1.win32_1.1.1.202309131626/tools/bin/../lib/gcc/arm-none-eabi/11.3.1/../../../../arm-none-eabi/lib/thumb/v7e-m+fp/hard\libc_nano.a(libc_a-reent.o)
                0x0000000020000c88                errno
 .bss.__lock___malloc_recursive_mutex
                0x0000000020000c8c        0x1 C:/ST/STM32CubeIDE_1.12.0/STM32CubeIDE/plugins/com.st.stm32cube.ide.mcu.externaltools.gnu-tools-for-stm32.11.3.rel1.win32_1.1.1.202309131626/tools/bin/../lib/gcc/arm-none-eabi/11.3.1/../../../../arm-none-eabi/lib/thumb/v7e-m+fp/hard\libc_nano.a(libc_a-lock.o)
                0x0000000020000c8c                __lock___malloc_recursive_mutex
 .bss.__lock___sfp_recursive_mutex
                0x0000000020000c8d        0x1 C:/ST/STM32CubeIDE_1.12.0/STM32CubeIDE/plugins/com.st.stm32cube.ide.mcu.externaltools.gnu-tools-for-stm32.11.3.rel1.win32_1.1.1.202309131626/tools/bin/../lib/gcc/arm-none-eabi/11.3.1/../../../../arm-none-eabi/lib/thumb/v7e-m+fp/hard\libc_nano.a(libc_a-lock.o)
                0x0000000020000c8d                __lock___sfp_recursive_mutex
 *fill*         0x0000000020000c8e        0x2 
 .bss.__malloc_free_list
                0x0000000020000c90        0x4 C:/ST/STM32CubeIDE_1.12.0/STM32CubeIDE/plugins/com.st.stm32cube.ide.mcu.externaltools.gnu-tools-for-stm32.11.3.rel1.win32_1.1.1.202309131626/tools/bin/../lib/gcc/arm-none-eabi/11.3.1/../../../../arm-none-eabi/lib/thumb/v7e-m+fp/hard\libc_nano.a(libc_a-mallocr.o)
                0x0000000020000c90                __malloc_free_list
 .bss.__malloc_sbrk_start
                0x0000000020000c94        0x4 C:/ST/STM32CubeIDE_1.12.0/STM32CubeIDE/plugins/com.st.stm32cube.ide.mcu.externaltools.gnu-tools-for-stm32.11.3.rel1.win32_1.1.1.202309131626/tools/bin/../lib/gcc/arm-none-eabi/11.3.1/../../../../arm-none-eabi/lib/thumb/v7e-m+fp/hard\libc_nano.a(libc_a-mallocr.o)
                0x0000000020000c94                __malloc_sbrk_start
 *(COMMON)
                0x0000000020000c98                . = ALIGN (0x4)
                0x0000000020000c98                _ebss = .
                0x0000000020000c98                __bss_end__ = _ebss

._user_heap_stack
                0x0000000020000c98      0x600
                0x0000000020000c98                . = ALIGN (0x8)
                [!provide]                        PROVIDE (end = .)
                0x0000000020000c98                PROVIDE (_end = .)
                0x0000000020000e98                . = (. + _Min_Heap_Size)
 *fill*         0x0000000020000c98      0x200 
                0x0000000020001298                . = (. + _Min_Stack_Size)
 *fill*         0x0000000020000e98      0x400 
                0x0000000020001298                . = ALIGN (0x8)

/DISCARD/
 libc.a(*)
 libm.a(*)
 libgcc.a(*)

.ARM.attributes
                0x0000000000000000       0x30
 *(.ARM.attributes)
 .ARM.attributes
                0x0000000000000000       0x1e C:/ST/STM32CubeIDE_1.12.0/STM32CubeIDE/plugins/com.st.stm32cube.ide.mcu.externaltools.gnu-tools-for-stm32.11.3.rel1.win32_1.1.1.202309131626/tools/bin/../lib/gcc/arm-none-eabi/11.3.1/thumb/v7e-m+fp/hard/crti.o
 .ARM.attributes
                0x000000000000001e       0x34 C:/ST/STM32CubeIDE_1.12.0/STM32CubeIDE/plugins/com.st.stm32cube.ide.mcu.externaltools.gnu-tools-for-stm32.11.3.rel1.win32_1.1.1.202309131626/tools/bin/../lib/gcc/arm-none-eabi/11.3.1/thumb/v7e-m+fp/hard/crtbegin.o
 .ARM.attributes
                0x0000000000000052       0x34 ./Core/Src/buzzer.o
 .ARM.attributes
                0x0000000000000086       0x34 ./Core/Src/fnd4dight.o
 .ARM.attributes
                0x00000000000000ba       0x34 ./Core/Src/i2c_lcd.o
 .ARM.attributes
                0x00000000000000ee       0x34 ./Core/Src/main.o
 .ARM.attributes
                0x0000000000000122       0x34 ./Core/Src/stm32f4xx_hal_msp.o
 .ARM.attributes
                0x0000000000000156       0x34 ./Core/Src/stm32f4xx_it.o
 .ARM.attributes
                0x000000000000018a       0x34 ./Core/Src/syscalls.o
 .ARM.attributes
                0x00000000000001be       0x34 ./Core/Src/sysmem.o
 .ARM.attributes
                0x00000000000001f2       0x34 ./Core/Src/system_stm32f4xx.o
 .ARM.attributes
                0x0000000000000226       0x34 ./Core/Src/washer.o
 .ARM.attributes
                0x000000000000025a       0x34 ./Core/Src/washer_button.o
 .ARM.attributes
                0x000000000000028e       0x34 ./Core/Src/washer_dcmotor.o
 .ARM.attributes
                0x00000000000002c2       0x34 ./Core/Src/washer_led.o
 .ARM.attributes
                0x00000000000002f6       0x34 ./Core/Src/washer_time.o
 .ARM.attributes
                0x000000000000032a       0x34 ./Core/Src/washer_ultrasonic.o
 .ARM.attributes
                0x000000000000035e       0x21 ./Core/Startup/startup_stm32f429zitx.o
 .ARM.attributes
                0x000000000000037f       0x34 ./Drivers/STM32F4xx_HAL_Driver/Src/stm32f4xx_hal.o
 .ARM.attributes
                0x00000000000003b3       0x34 ./Drivers/STM32F4xx_HAL_Driver/Src/stm32f4xx_hal_cortex.o
 .ARM.attributes
                0x00000000000003e7       0x34 ./Drivers/STM32F4xx_HAL_Driver/Src/stm32f4xx_hal_dma.o
 .ARM.attributes
                0x000000000000041b       0x34 ./Drivers/STM32F4xx_HAL_Driver/Src/stm32f4xx_hal_eth.o
 .ARM.attributes
                0x000000000000044f       0x34 ./Drivers/STM32F4xx_HAL_Driver/Src/stm32f4xx_hal_gpio.o
 .ARM.attributes
                0x0000000000000483       0x34 ./Drivers/STM32F4xx_HAL_Driver/Src/stm32f4xx_hal_i2c.o
 .ARM.attributes
                0x00000000000004b7       0x34 ./Drivers/STM32F4xx_HAL_Driver/Src/stm32f4xx_hal_i2c_ex.o
 .ARM.attributes
                0x00000000000004eb       0x34 ./Drivers/STM32F4xx_HAL_Driver/Src/stm32f4xx_hal_pcd.o
 .ARM.attributes
                0x000000000000051f       0x34 ./Drivers/STM32F4xx_HAL_Driver/Src/stm32f4xx_hal_rcc.o
 .ARM.attributes
                0x0000000000000553       0x34 ./Drivers/STM32F4xx_HAL_Driver/Src/stm32f4xx_hal_tim.o
 .ARM.attributes
                0x0000000000000587       0x34 ./Drivers/STM32F4xx_HAL_Driver/Src/stm32f4xx_hal_tim_ex.o
 .ARM.attributes
                0x00000000000005bb       0x34 ./Drivers/STM32F4xx_HAL_Driver/Src/stm32f4xx_hal_uart.o
 .ARM.attributes
                0x00000000000005ef       0x34 ./Drivers/STM32F4xx_HAL_Driver/Src/stm32f4xx_ll_usb.o
 .ARM.attributes
                0x0000000000000623       0x34 C:/ST/STM32CubeIDE_1.12.0/STM32CubeIDE/plugins/com.st.stm32cube.ide.mcu.externaltools.gnu-tools-for-stm32.11.3.rel1.win32_1.1.1.202309131626/tools/bin/../lib/gcc/arm-none-eabi/11.3.1/../../../../arm-none-eabi/lib/thumb/v7e-m+fp/hard\libc_nano.a(libc_a-findfp.o)
 .ARM.attributes
                0x0000000000000657       0x34 C:/ST/STM32CubeIDE_1.12.0/STM32CubeIDE/plugins/com.st.stm32cube.ide.mcu.externaltools.gnu-tools-for-stm32.11.3.rel1.win32_1.1.1.202309131626/tools/bin/../lib/gcc/arm-none-eabi/11.3.1/../../../../arm-none-eabi/lib/thumb/v7e-m+fp/hard\libc_nano.a(libc_a-fwalk.o)
 .ARM.attributes
                0x000000000000068b       0x34 C:/ST/STM32CubeIDE_1.12.0/STM32CubeIDE/plugins/com.st.stm32cube.ide.mcu.externaltools.gnu-tools-for-stm32.11.3.rel1.win32_1.1.1.202309131626/tools/bin/../lib/gcc/arm-none-eabi/11.3.1/../../../../arm-none-eabi/lib/thumb/v7e-m+fp/hard\libc_nano.a(libc_a-printf.o)
 .ARM.attributes
                0x00000000000006bf       0x34 C:/ST/STM32CubeIDE_1.12.0/STM32CubeIDE/plugins/com.st.stm32cube.ide.mcu.externaltools.gnu-tools-for-stm32.11.3.rel1.win32_1.1.1.202309131626/tools/bin/../lib/gcc/arm-none-eabi/11.3.1/../../../../arm-none-eabi/lib/thumb/v7e-m+fp/hard\libc_nano.a(libc_a-puts.o)
 .ARM.attributes
                0x00000000000006f3       0x34 C:/ST/STM32CubeIDE_1.12.0/STM32CubeIDE/plugins/com.st.stm32cube.ide.mcu.externaltools.gnu-tools-for-stm32.11.3.rel1.win32_1.1.1.202309131626/tools/bin/../lib/gcc/arm-none-eabi/11.3.1/../../../../arm-none-eabi/lib/thumb/v7e-m+fp/hard\libc_nano.a(libc_a-sprintf.o)
 .ARM.attributes
                0x0000000000000727       0x34 C:/ST/STM32CubeIDE_1.12.0/STM32CubeIDE/plugins/com.st.stm32cube.ide.mcu.externaltools.gnu-tools-for-stm32.11.3.rel1.win32_1.1.1.202309131626/tools/bin/../lib/gcc/arm-none-eabi/11.3.1/../../../../arm-none-eabi/lib/thumb/v7e-m+fp/hard\libc_nano.a(libc_a-stdio.o)
 .ARM.attributes
                0x000000000000075b       0x34 C:/ST/STM32CubeIDE_1.12.0/STM32CubeIDE/plugins/com.st.stm32cube.ide.mcu.externaltools.gnu-tools-for-stm32.11.3.rel1.win32_1.1.1.202309131626/tools/bin/../lib/gcc/arm-none-eabi/11.3.1/../../../../arm-none-eabi/lib/thumb/v7e-m+fp/hard\libc_nano.a(libc_a-wbuf.o)
 .ARM.attributes
                0x000000000000078f       0x34 C:/ST/STM32CubeIDE_1.12.0/STM32CubeIDE/plugins/com.st.stm32cube.ide.mcu.externaltools.gnu-tools-for-stm32.11.3.rel1.win32_1.1.1.202309131626/tools/bin/../lib/gcc/arm-none-eabi/11.3.1/../../../../arm-none-eabi/lib/thumb/v7e-m+fp/hard\libc_nano.a(libc_a-wsetup.o)
 .ARM.attributes
                0x00000000000007c3       0x34 C:/ST/STM32CubeIDE_1.12.0/STM32CubeIDE/plugins/com.st.stm32cube.ide.mcu.externaltools.gnu-tools-for-stm32.11.3.rel1.win32_1.1.1.202309131626/tools/bin/../lib/gcc/arm-none-eabi/11.3.1/../../../../arm-none-eabi/lib/thumb/v7e-m+fp/hard\libc_nano.a(libc_a-memset.o)
 .ARM.attributes
                0x00000000000007f7       0x34 C:/ST/STM32CubeIDE_1.12.0/STM32CubeIDE/plugins/com.st.stm32cube.ide.mcu.externaltools.gnu-tools-for-stm32.11.3.rel1.win32_1.1.1.202309131626/tools/bin/../lib/gcc/arm-none-eabi/11.3.1/../../../../arm-none-eabi/lib/thumb/v7e-m+fp/hard\libc_nano.a(libc_a-closer.o)
 .ARM.attributes
                0x000000000000082b       0x34 C:/ST/STM32CubeIDE_1.12.0/STM32CubeIDE/plugins/com.st.stm32cube.ide.mcu.externaltools.gnu-tools-for-stm32.11.3.rel1.win32_1.1.1.202309131626/tools/bin/../lib/gcc/arm-none-eabi/11.3.1/../../../../arm-none-eabi/lib/thumb/v7e-m+fp/hard\libc_nano.a(libc_a-reent.o)
 .ARM.attributes
                0x000000000000085f       0x34 C:/ST/STM32CubeIDE_1.12.0/STM32CubeIDE/plugins/com.st.stm32cube.ide.mcu.externaltools.gnu-tools-for-stm32.11.3.rel1.win32_1.1.1.202309131626/tools/bin/../lib/gcc/arm-none-eabi/11.3.1/../../../../arm-none-eabi/lib/thumb/v7e-m+fp/hard\libc_nano.a(libc_a-impure.o)
 .ARM.attributes
                0x0000000000000893       0x34 C:/ST/STM32CubeIDE_1.12.0/STM32CubeIDE/plugins/com.st.stm32cube.ide.mcu.externaltools.gnu-tools-for-stm32.11.3.rel1.win32_1.1.1.202309131626/tools/bin/../lib/gcc/arm-none-eabi/11.3.1/../../../../arm-none-eabi/lib/thumb/v7e-m+fp/hard\libc_nano.a(libc_a-lseekr.o)
 .ARM.attributes
                0x00000000000008c7       0x34 C:/ST/STM32CubeIDE_1.12.0/STM32CubeIDE/plugins/com.st.stm32cube.ide.mcu.externaltools.gnu-tools-for-stm32.11.3.rel1.win32_1.1.1.202309131626/tools/bin/../lib/gcc/arm-none-eabi/11.3.1/../../../../arm-none-eabi/lib/thumb/v7e-m+fp/hard\libc_nano.a(libc_a-readr.o)
 .ARM.attributes
                0x00000000000008fb       0x34 C:/ST/STM32CubeIDE_1.12.0/STM32CubeIDE/plugins/com.st.stm32cube.ide.mcu.externaltools.gnu-tools-for-stm32.11.3.rel1.win32_1.1.1.202309131626/tools/bin/../lib/gcc/arm-none-eabi/11.3.1/../../../../arm-none-eabi/lib/thumb/v7e-m+fp/hard\libc_nano.a(libc_a-writer.o)
 .ARM.attributes
                0x000000000000092f       0x34 C:/ST/STM32CubeIDE_1.12.0/STM32CubeIDE/plugins/com.st.stm32cube.ide.mcu.externaltools.gnu-tools-for-stm32.11.3.rel1.win32_1.1.1.202309131626/tools/bin/../lib/gcc/arm-none-eabi/11.3.1/../../../../arm-none-eabi/lib/thumb/v7e-m+fp/hard\libc_nano.a(libc_a-errno.o)
 .ARM.attributes
                0x0000000000000963       0x34 C:/ST/STM32CubeIDE_1.12.0/STM32CubeIDE/plugins/com.st.stm32cube.ide.mcu.externaltools.gnu-tools-for-stm32.11.3.rel1.win32_1.1.1.202309131626/tools/bin/../lib/gcc/arm-none-eabi/11.3.1/../../../../arm-none-eabi/lib/thumb/v7e-m+fp/hard\libc_nano.a(libc_a-init.o)
 .ARM.attributes
                0x0000000000000997       0x34 C:/ST/STM32CubeIDE_1.12.0/STM32CubeIDE/plugins/com.st.stm32cube.ide.mcu.externaltools.gnu-tools-for-stm32.11.3.rel1.win32_1.1.1.202309131626/tools/bin/../lib/gcc/arm-none-eabi/11.3.1/../../../../arm-none-eabi/lib/thumb/v7e-m+fp/hard\libc_nano.a(libc_a-lock.o)
 .ARM.attributes
                0x00000000000009cb       0x34 C:/ST/STM32CubeIDE_1.12.0/STM32CubeIDE/plugins/com.st.stm32cube.ide.mcu.externaltools.gnu-tools-for-stm32.11.3.rel1.win32_1.1.1.202309131626/tools/bin/../lib/gcc/arm-none-eabi/11.3.1/../../../../arm-none-eabi/lib/thumb/v7e-m+fp/hard\libc_nano.a(libc_a-freer.o)
 .ARM.attributes
                0x00000000000009ff       0x34 C:/ST/STM32CubeIDE_1.12.0/STM32CubeIDE/plugins/com.st.stm32cube.ide.mcu.externaltools.gnu-tools-for-stm32.11.3.rel1.win32_1.1.1.202309131626/tools/bin/../lib/gcc/arm-none-eabi/11.3.1/../../../../arm-none-eabi/lib/thumb/v7e-m+fp/hard\libc_nano.a(libc_a-mallocr.o)
 .ARM.attributes
                0x0000000000000a33       0x34 C:/ST/STM32CubeIDE_1.12.0/STM32CubeIDE/plugins/com.st.stm32cube.ide.mcu.externaltools.gnu-tools-for-stm32.11.3.rel1.win32_1.1.1.202309131626/tools/bin/../lib/gcc/arm-none-eabi/11.3.1/../../../../arm-none-eabi/lib/thumb/v7e-m+fp/hard\libc_nano.a(libc_a-mlock.o)
 .ARM.attributes