../Core/Src/main.c:94:6:HAL_SYSTICK_Handler	4	static
../Core/Src/main.c:99:6:delay_us	16	static
../Core/Src/main.c:115:6:HAL_TIM_PeriodElapsedCallback	16	static
../Core/Src/main.c:136:1:__io_putchar	16	static
../Core/Src/main.c:151:5:main	8	static
../Core/Src/main.c:211:6:SystemClock_Config	88	static
../Core/Src/main.c:257:13:MX_ETH_Init	8	static
../Core/Src/main.c:306:13:MX_I2C1_Init	8	static
../Core/Src/main.c:354:13:MX_TIM3_Init	32	static
../Core/Src/main.c:402:13:MX_TIM4_Init	48	static
../Core/Src/main.c:451:13:MX_TIM5_Init	48	static
../Core/Src/main.c:500:13:MX_TIM10_Init	8	static
../Core/Src/main.c:531:13:MX_TIM11_Init	8	static
../Core/Src/main.c:562:13:MX_USART3_UART_Init	8	static
../Core/Src/main.c:595:13:MX_USB_OTG_FS_PCD_Init	8	static
../Core/Src/main.c:630:13:MX_GPIO_Init	64	static
../Core/Src/main.c:748:6:Error_Handler	4	static,ignoring_inline_asm
